   Compiling otto-server v0.2.0 (/Users/itziklavon/otto_os/crates/otto-server)
warning: unused `axum::Json` that must be used
   --> crates/otto-server/src/skill_eval_output_tests.rs:336:5
    |
336 |     rating.await.unwrap();
    |     ^^^^^^^^^^^^^^^^^^^^^
    |
    = note: `#[warn(unused_must_use)]` (part of `#[warn(unused)]`) on by default
help: use `let _ = ...` to ignore the resulting value
    |
336 |     let _ = rating.await.unwrap();
    |     +++++++

warning: `otto-server` (lib test) generated 1 warning
    Finished `test` profile [unoptimized + debuginfo] target(s) in 11.84s
     Running unittests src/lib.rs (target/debug/deps/otto_server-55b6e46b195b776d)

running 4 tests
test run_notices::tests::goal_loop_statuses_worth_a_notice ... ok
test routes::goal_loops::human_credential_tests::managed_author_token_cannot_record_human_decisions ... ok
test run_engine::tests::goal_loop_construction_is_valid ... ok
test run_engine::run_goal_outcome_tests::run_goal_loop_only_accepts_successful_terminal_outcome ... ok

test result: ok. 4 passed; 0 failed; 0 ignored; 0 measured; 975 filtered out; finished in 0.22s

