    Checking serde_core v1.0.229
    Checking libc v0.2.190
    Checking zerofrom v0.1.8
    Checking stable_deref_trait v1.2.1
    Checking yoke v0.8.3
    Checking objc2-exception-helper v0.1.1
    Checking objc2-encode v4.1.0
    Checking cfg-if v1.0.5
    Checking objc2 v0.6.4
    Checking bitflags v2.13.2
    Checking serde v1.0.229
    Checking zerovec v0.11.8
    Checking itoa v1.0.18
    Checking block2 v0.6.2
    Checking tinystr v0.8.4
    Checking objc2-core-foundation v0.3.2
    Checking writeable v0.6.4
    Checking litemap v0.8.3
    Checking smallvec v1.16.2
    Checking bytes v1.12.1
    Checking icu_locale_core v2.3.0
    Checking potential_utf v0.1.6
    Checking zerotrie v0.2.5
    Checking utf8_iter v1.0.4
    Checking memchr v2.8.3
    Checking icu_collections v2.3.0
    Checking icu_provider v2.3.1
    Checking objc2-foundation v0.3.2
    Checking once_cell v1.21.4
    Checking icu_properties_data v2.3.0
    Checking icu_normalizer_data v2.3.0
    Checking errno v0.3.14
    Checking percent-encoding v2.3.2
    Checking signal-hook-registry v1.4.8
    Checking icu_normalizer v2.3.0
    Checking icu_properties v2.3.0
    Checking http v1.5.0
    Checking pin-project-lite v0.2.17
    Checking idna_adapter v1.2.2
    Checking idna v1.1.0
    Checking form_urlencoded v1.2.2
    Checking deranged v0.5.8
    Checking num-conv v0.2.2
    Checking powerfmt v0.2.0
    Checking time-core v0.1.9
    Checking core-foundation-sys v0.8.7
    Checking time v0.3.55
    Checking url v2.5.8
    Checking getrandom v0.4.3
    Checking thiserror v2.0.21
    Checking zmij v1.0.23
    Checking socket2 v0.6.5
    Checking mio v1.2.3
    Checking log v0.4.34
    Checking tokio v1.53.1
    Checking objc2-quartz-core v0.3.2
    Checking objc2-app-kit v0.3.2
    Checking serde_json v1.0.151
    Checking uuid v1.27.0
    Checking core-foundation v0.10.1
    Checking base64 v0.23.1
    Checking simd-adler32 v0.3.10
    Checking crossbeam-utils v0.8.23
    Checking aho-corasick v1.1.5
    Checking dpi v0.1.2
    Checking alloc-no-stdlib v3.0.0
    Checking adler2 v2.0.1
    Checking regex-syntax v0.8.11
    Checking alloc-stdlib v0.3.0
    Checking crossbeam-channel v0.5.17
    Checking regex-automata v0.4.18
    Checking typeid v1.0.3
    Checking futures-core v0.3.34
    Checking hashbrown v0.17.1
    Checking siphasher v1.0.4
    Checking fnv v1.0.7
    Checking raw-window-handle v0.6.2
    Checking winnow v1.0.4
    Checking web-time v1.1.0
    Checking equivalent v1.0.2
    Checking toml_parser v1.1.3+spec-1.1.0
    Checking indexmap v2.14.2
    Checking cfb v0.14.0
    Checking regex v1.13.1
    Checking phf_shared v0.13.1
    Checking erased-serde v0.4.10
    Checking brotli-decompressor v6.0.1
    Checking miniz_oxide v0.9.1
    Checking jsonptr v0.7.1
    Checking crc32fast v1.5.2
    Checking quick-xml v0.42.0
    Checking toml_datetime v1.1.1+spec-1.1.0
    Checking serde_spanned v1.1.1
    Checking foreign-types-shared v0.3.1
    Checking toml_writer v1.1.2+spec-1.1.0
    Checking same-file v1.0.6
    Checking option-ext v0.2.0
    Checking walkdir v2.5.0
    Checking dirs-sys v0.5.0
    Checking toml v1.1.6+spec-1.1.0
    Checking plist v1.10.1
    Checking foreign-types v0.5.0
    Checking json-patch v4.2.0
    Checking flate2 v1.1.10
    Checking brotli v9.0.0
    Checking serde-untagged v0.1.9
    Checking cookie v0.18.2
    Checking phf v0.13.1
    Checking getrandom v0.3.4
    Checking urlpattern v0.6.0
    Checking infer v0.22.0
    Checking objc2-web-kit v0.3.2
    Checking miniz_oxide v0.8.9
    Checking fdeflate v0.3.7
    Checking core-graphics-types v0.2.0
    Checking serde_with v3.24.0
    Checking anyhow v1.0.104
    Checking zeroize v1.9.0
    Checking ctor v1.0.13
    Checking glob v0.3.4
    Checking dunce v1.0.5
    Checking semver v1.0.28
    Checking png v0.18.1
    Checking tauri-utils v2.10.1
    Checking core-graphics v0.25.0
    Checking dirs v7.0.0
    Checking aws-lc-sys v0.45.0
    Checking dispatch2 v0.3.1
    Checking keyboard-types v0.8.3
    Checking muda v0.20.0
    Checking tao v0.37.1
    Checking tauri-runtime v2.12.1
    Checking aws-lc-rs v1.18.1
    Checking wry v0.57.0
    Checking rustls-pki-types v1.15.1
    Checking http-body v1.1.0
    Checking objc2-core-graphics v0.3.2
    Checking untrusted v0.9.0
    Checking futures-task v0.3.34
    Checking slab v0.4.12
    Checking rustls-webpki v0.103.15
    Checking futures-util v0.3.34
    Checking tray-icon v0.25.1
    Checking serialize-to-javascript v0.1.2
    Checking tauri-runtime-wry v2.12.1
    Checking window-vibrancy v0.8.1
    Checking subtle v2.6.1
    Checking mime v0.3.17
    Checking embed_plist v1.2.2
    Checking tower-service v0.3.3
    Checking try-lock v0.2.5
    Checking heck v0.5.0
    Checking want v0.3.1
    Checking tauri v2.12.1
    Checking rustls v0.23.45
    Checking httparse v1.10.1
    Checking zerocopy v0.8.59
    Checking futures-channel v0.3.34
    Checking tracing-core v0.1.36
    Checking atomic-waker v1.1.2
    Checking hyper v1.11.1
    Checking ppv-lite86 v0.2.21
    Checking tracing v0.1.44
    Checking signal-hook v0.4.4
    Checking rand_core v0.9.5
    Checking sync_wrapper v1.0.2
    Checking security-framework-sys v2.17.0
    Checking os_pipe v1.2.3
    Checking unicode-segmentation v1.13.3
    Checking tower-layer v0.3.3
    Checking ipnet v2.12.2
    Checking keyboard-types v0.7.0
    Checking hyper-util v0.1.21
    Checking tower v0.5.3
    Checking security-framework v3.7.0
    Checking sigchld v0.2.5
    Checking rand_chacha v0.9.0
    Checking mac-notification-sys v0.6.15
    Checking tokio-rustls v0.26.6
    Checking open v5.4.4
    Checking scopeguard v1.2.0
    Checking simdutf8 v0.1.5
    Checking hyper-rustls v0.27.10
    Checking encoding_rs v0.8.42
    Checking rustls-platform-verifier v0.7.1
    Checking notify-rust v4.18.1
    Checking rand v0.9.5
    Checking shared_child v1.1.2
    Checking tower-http v0.6.11
    Checking global-hotkey v0.8.0
    Checking http-body-util v0.1.5
   Compiling otto-desktop v0.2.0 (/Users/itziklavon/otto_os/apps/desktop/src-tauri)
    Checking reqwest v0.13.5
    Checking tauri-plugin-global-shortcut v2.4.0
    Checking tauri-plugin-shell v2.4.0
    Checking tauri-plugin-notification v2.5.1
    Checking tauri-plugin-opener v2.7.0
    Finished `dev` profile [unoptimized] target(s) in 38.57s
