macos crates:  otto-apiclient otto-automation otto-browser otto-keychain otto-pty otto-sandbox otto-server otto-sessions otto-ssh otto-telemetry ottod
trigger paths:
      - 'crates/otto-agent-run/**'
      - 'crates/otto-apiclient/**'
      - 'crates/otto-assistant/**'
      - 'crates/otto-automation/**'
      - 'crates/otto-aws/**'
      - 'crates/otto-brokers/**'
      - 'crates/otto-browser/**'
      - 'crates/otto-channels/**'
      - 'crates/otto-connections/**'
      - 'crates/otto-dbviewer/**'
      - 'crates/otto-design-assist/**'
      - 'crates/otto-git/**'
      - 'crates/otto-improve/**'
      - 'crates/otto-insights/**'
      - 'crates/otto-k8s/**'
      - 'crates/otto-keychain/**'
      - 'crates/otto-orchestrator/**'
      - 'crates/otto-product/**'
      - 'crates/otto-pty/**'
      - 'crates/otto-review/**'
      - 'crates/otto-sandbox/**'
      - 'crates/otto-server/**'
      - 'crates/otto-sessions/**'
      - 'crates/otto-ssh/**'
      - 'crates/otto-swarm/**'
      - 'crates/otto-telemetry/**'
      - 'crates/otto-vault/**'
      - 'crates/otto-workflows/**'
      - 'crates/ottod/**'
