TAP version 13
# Subtest: Home pending approvals cannot publish after workspace changes while its poll is busy
not ok 1 - Home pending approvals cannot publish after workspace changes while its poll is busy
  ---
  duration_ms: 62.006917
  type: 'test'
  location: '/Users/itziklavon/otto_os/ui/unit/homeTodayOwnership.test.ts:21:1'
  failureType: 'testCodeFailure'
  error: |-
    Expected values to be strictly equal:

    1 !== 0

  code: 'ERR_ASSERTION'
  name: 'AssertionError'
  expected: 0
  actual: 1
  operator: 'strictEqual'
  stack: |-
    TestContext.<anonymous> (file:///Users/itziklavon/otto_os/ui/unit/homeTodayOwnership.test.ts:25:10)
    async Test.run (node:internal/test_runner/test:1054:7)
    async startSubtestAfterBootstrap (node:internal/test_runner/harness:296:3)
  ...
# Subtest: Home stops displaying old scoped rows immediately on workspace switch
not ok 2 - Home stops displaying old scoped rows immediately on workspace switch
  ---
  duration_ms: 17.168125
  type: 'test'
  location: '/Users/itziklavon/otto_os/ui/unit/homeTodayOwnership.test.ts:30:1'
  failureType: 'testCodeFailure'
  error: |-
    Expected values to be strictly equal:

    1 !== 0

  code: 'ERR_ASSERTION'
  name: 'AssertionError'
  expected: 0
  actual: 1
  operator: 'strictEqual'
  stack: |-
    TestContext.<anonymous> (file:///Users/itziklavon/otto_os/ui/unit/homeTodayOwnership.test.ts:34:47)
    async Test.run (node:internal/test_runner/test:1054:7)
    async Test.processPendingSubtests (node:internal/test_runner/test:744:7)
  ...
1..2
# tests 2
# suites 0
# pass 0
# fail 2
# cancelled 0
# skipped 0
# todo 0
# duration_ms 325.201209
