   Compiling siphasher v1.0.4
   Compiling cfg-if v1.0.5
   Compiling memchr v2.8.3
   Compiling dunce v1.0.5
   Compiling libc v0.2.190
    Checking serde_core v1.0.229
   Compiling num-conv v0.2.2
   Compiling time-core v0.1.9
   Compiling itoa v1.0.18
   Compiling writeable v0.6.4
   Compiling litemap v0.8.3
   Compiling zerofrom v0.1.8
   Compiling zmij v1.0.23
   Compiling utf8_iter v1.0.4
   Compiling scopeguard v1.2.0
   Compiling icu_properties_data v2.3.0
   Compiling icu_normalizer_data v2.3.0
   Compiling phf_shared v0.13.1
   Compiling yoke v0.8.3
   Compiling lock_api v0.4.14
   Compiling winnow v1.0.4
   Compiling toml_datetime v1.1.1+spec-1.1.0
   Compiling serde_spanned v1.1.1
   Compiling log v0.4.34
    Checking stable_deref_trait v1.2.1
   Compiling toml_writer v1.1.2+spec-1.1.0
   Compiling form_urlencoded v1.2.2
   Compiling serde_json v1.0.151
   Compiling aho-corasick v1.1.5
   Compiling phf_generator v0.13.1
   Compiling zerovec v0.11.8
   Compiling zerotrie v0.2.5
   Compiling alloc-no-stdlib v3.0.0
   Compiling regex-syntax v0.8.11
   Compiling thiserror v2.0.21
   Compiling typeid v1.0.3
   Compiling hashbrown v0.17.1
   Compiling equivalent v1.0.2
   Compiling alloc-stdlib v0.3.0
   Compiling web-time v1.1.0
   Compiling phf_codegen v0.13.1
   Compiling string_cache_codegen v0.6.1
   Compiling toml_parser v1.1.3+spec-1.1.0
   Compiling phf_macros v0.13.1
    Checking objc2-encode v4.1.0
   Compiling fnv v1.0.7
   Compiling powerfmt v0.2.0
   Compiling jobserver v0.1.35
   Compiling parking_lot_core v0.9.12
   Compiling getrandom v0.4.3
   Compiling selectors v0.38.0
   Compiling brotli-decompressor v6.0.1
   Compiling time v0.3.55
   Compiling uuid v1.27.0
   Compiling cc v1.6.0
   Compiling web_atoms v0.2.6
   Compiling parking_lot v0.12.5
   Compiling tinystr v0.8.4
   Compiling potential_utf v0.1.6
   Compiling icu_collections v2.3.0
   Compiling string_cache v0.9.0
   Compiling icu_locale_core v2.3.0
   Compiling toml v1.1.6+spec-1.1.0
   Compiling cfb v0.14.0
   Compiling jsonptr v0.7.1
   Compiling indexmap v2.14.2
   Compiling swift-rs v1.0.8
   Compiling phf v0.13.1
   Compiling erased-serde v0.4.10
   Compiling cssparser v0.37.0
   Compiling quick-xml v0.42.0
    Checking bitflags v2.13.2
    Checking serde v1.0.229
   Compiling bytes v1.12.1
   Compiling base64 v0.23.1
   Compiling same-file v1.0.6
   Compiling regex-automata v0.4.18
   Compiling walkdir v2.5.0
   Compiling icu_provider v2.3.1
   Compiling infer v0.22.0
   Compiling cargo_metadata v0.19.2
   Compiling http v1.5.0
   Compiling serde-untagged v0.1.9
   Compiling json-patch v4.2.0
   Compiling icu_properties v2.3.0
   Compiling icu_normalizer v2.3.0
   Compiling brotli v9.0.0
   Compiling serde_with v3.24.0
   Compiling anyhow v1.0.104
   Compiling ctor v1.0.13
   Compiling objc2-exception-helper v0.1.1
   Compiling markup5ever v0.39.0
   Compiling plist v1.10.1
   Compiling glob v0.3.4
    Checking smallvec v1.16.2
   Compiling html5ever v0.39.0
    Checking once_cell v1.21.4
    Checking errno v0.3.14
    Checking percent-encoding v2.3.2
    Checking signal-hook-registry v1.4.8
   Compiling option-ext v0.2.0
    Checking pin-project-lite v0.2.17
   Compiling idna_adapter v1.2.2
   Compiling dirs-sys v0.5.0
   Compiling embed-resource v3.0.11
   Compiling heck v0.5.0
   Compiling cargo_toml v1.0.1
   Compiling idna v1.1.0
   Compiling dirs v7.0.0
   Compiling dom_query v0.28.0
    Checking deranged v0.5.8
   Compiling time-macros v0.2.32
   Compiling tauri-winres v0.3.6
   Compiling simd-adler32 v0.3.10
   Compiling regex v1.13.1
   Compiling objc2 v0.6.4
    Checking core-foundation-sys v0.8.7
   Compiling url v2.5.8
    Checking mio v1.2.3
    Checking socket2 v0.6.5
   Compiling adler2 v2.0.1
    Checking tokio v1.53.1
    Checking core-foundation v0.10.1
   Compiling urlpattern v0.6.0
   Compiling schemars v0.8.22
   Compiling cmake v0.1.58
   Compiling miniz_oxide v0.9.1
    Checking crossbeam-utils v0.8.23
   Compiling crc32fast v1.5.2
   Compiling aws-lc-sys v0.45.0
    Checking dpi v0.1.2
    Checking objc2-core-foundation v0.3.2
    Checking block2 v0.6.2
    Checking crossbeam-channel v0.5.17
   Compiling flate2 v1.1.10
   Compiling miniz_oxide v0.8.9
   Compiling fdeflate v0.3.7
   Compiling tauri-utils v2.10.1
    Checking raw-window-handle v0.6.2
    Checking futures-core v0.3.34
    Checking objc2-foundation v0.3.2
    Checking foreign-types-shared v0.3.1
    Checking foreign-types v0.5.0
   Compiling png v0.17.16
   Compiling wry v0.57.0
    Checking getrandom v0.3.4
    Checking core-graphics-types v0.2.0
   Compiling cpufeatures v0.2.17
    Checking cookie v0.18.2
    Checking semver v1.0.28
    Checking zeroize v1.9.0
    Checking png v0.18.1
   Compiling sha2 v0.10.9
    Checking core-graphics v0.25.0
   Compiling ico v0.5.0
    Checking dispatch2 v0.3.1
    Checking keyboard-types v0.8.3
    Checking rustls-pki-types v1.15.1
    Checking objc2-core-graphics v0.3.2
    Checking http-body v1.1.0
    Checking untrusted v0.9.0
    Checking futures-task v0.3.34
    Checking slab v0.4.12
    Checking serialize-to-javascript v0.1.2
    Checking tower-service v0.3.3
    Checking try-lock v0.2.5
    Checking mime v0.3.17
    Checking embed_plist v1.2.2
    Checking futures-util v0.3.34
    Checking subtle v2.6.1
    Checking want v0.3.1
    Checking httparse v1.10.1
    Checking zerocopy v0.8.59
    Checking futures-channel v0.3.34
    Checking tracing-core v0.1.36
   Compiling mac-notification-sys v0.6.15
    Checking atomic-waker v1.1.2
    Checking signal-hook v0.4.4
    Checking rand_core v0.9.5
    Checking sync_wrapper v1.0.2
    Checking security-framework-sys v2.17.0
    Checking hyper v1.11.1
    Checking os_pipe v1.2.3
    Checking ipnet v2.12.2
    Checking tower-layer v0.3.3
    Checking unicode-segmentation v1.13.3
    Checking tracing v0.1.44
    Checking security-framework v3.7.0
    Checking sigchld v0.2.5
    Checking open v5.4.4
    Checking simdutf8 v0.1.5
    Checking http-body-util v0.1.5
    Checking shared_child v1.1.2
    Checking keyboard-types v0.7.0
    Checking encoding_rs v0.8.42
    Checking hyper-util v0.1.21
    Checking tower v0.5.3
    Checking tower-http v0.6.11
    Checking ppv-lite86 v0.2.21
    Checking rand_chacha v0.9.0
    Checking rand v0.9.5
   Compiling tauri-build v2.7.1
   Compiling tauri-plugin v2.7.1
   Compiling tauri-codegen v2.7.1
   Compiling tauri v2.12.1
   Compiling tauri-macros v2.7.1
   Compiling tauri-plugin-global-shortcut v2.4.0
   Compiling tauri-plugin-notification v2.5.1
   Compiling tauri-plugin-opener v2.7.0
   Compiling tauri-plugin-shell v2.4.0
   Compiling otto-desktop v0.2.0 (/Users/itziklavon/otto_os/apps/desktop/src-tauri)
    Checking objc2-quartz-core v0.3.2
    Checking notify-rust v4.18.1
    Checking objc2-app-kit v0.3.2
   Compiling aws-lc-rs v1.18.1
   Compiling rustls v0.23.45
    Checking objc2-web-kit v0.3.2
    Checking muda v0.20.0
    Checking tao v0.37.1
    Checking window-vibrancy v0.8.1
    Checking global-hotkey v0.8.0
    Checking rustls-webpki v0.103.15
    Checking tauri-runtime v2.12.1
    Checking tray-icon v0.25.1
    Checking tauri-runtime-wry v2.12.1
    Checking tokio-rustls v0.26.6
    Checking rustls-platform-verifier v0.7.1
    Checking hyper-rustls v0.27.10
    Checking reqwest v0.13.5
    Finished `dev` profile [unoptimized + debuginfo] target(s) in 18.27s
