✔ Home pending approvals cannot publish after workspace changes while its poll is busy (59.511167ms)
✔ Home stops displaying old scoped rows immediately on workspace switch (15.145625ms)
✔ Esc closes the top sheet (26.390708ms)
✔ Esc already handled inside the sheet (CodeMirror popup) keeps the modal open (4.278459ms)
✔ a busy (non-dismissable) sheet ignores Esc (3.77825ms)
✔ the Tab trap counts contenteditable editors as focusable (0.347916ms)
✔ native embedded context requires Tauri and an injected host, never query flags (0.803375ms)
✔ native pane geometry rejects hidden or invalid rectangles and clips to viewport (0.10775ms)
✔ native presence excludes hidden pane even while WebKit reports visible and focused (0.069042ms)
✔ layout coalesces during IPC and final hide cannot be overtaken by stale geometry (0.161083ms)
✔ layout continues with newest state after rejected native IPC (0.106375ms)
✔ detached surfaces remain addressable when the host split is narrow (0.569292ms)
✔ native layout scales CSS geometry by page zoom in window logical points (0.125375ms)
✔ overlay focus restoration is cancelled when detach or a new overlay wins the race (0.103ms)
✔ native menus honor primary window focus after macOS window cycling leaves a stale side flag (2.450958ms)
✔ kick-out confirms with the session, the workspace and no-undo; mid-turn says so (0.689375ms)
✔ kick-out: confirmed → delete + walk-out together, then a toast (0.491583ms)
✔ kick-out: cancelled → nothing happens; failed delete → the kid walks back (0.142125ms)
✔ no actions for a kid you can’t manage (0.132083ms)
✔ detention archives (with the working hint) while the kid walks to the bench (0.09375ms)
✔ detention: a cancelled guard walks the kid back without an error (0.0745ms)
✔ release unarchives and says the kid is back (0.083042ms)
✔ actor disposal releases unique cloned skeletons and mixer bindings while preserving shared templates (3.80525ms)
✔ every workspace is a classroom door, the current one first (2.259916ms)
✔ status → pose: only real output is typing; an alive-but-quiet process sits idle (0.068709ms)
✔ each provider gets its own kid; unknown providers the custom kid (0.051375ms)
✔ seating is stable: a status change never moves a kid to another desk (0.213625ms)
✔ a room hangs behind its corridor door: back wall on the corridor, door segment on its door (0.110584ms)
✔ engine sessions sit in the back row only while live; viewers cannot manage (0.182209ms)
✔ archived sessions sit on the detention bench (newest first, max 3) (0.246667ms)
✔ complete membership keeps overflow sessions actionable while geometry stays capped (0.3585ms)
✔ roomSummary reads like a door sign (0.155ms)
✔ a full grid of desks, each with a chair, and one door each side of the wall (0.606125ms)
✔ no furniture footprint lands on a walkway (0.416ms)
✔ lanePath only walks axis-aligned along lanes and aisles (0.1765ms)
✔ busy kids never leave their desks; idle kids do wander, and come back (7.659792ms)
✔ a wandering kid hurries back when its session wakes up (1.156417ms)
✔ the headmaster checks on the kid that needs you first (0.413708ms)
✔ kick-out walks the kid out of the door; detention walks it to the bench (0.469792ms)
✔ restore puts a kicked kid back at its desk (the delete failed) (0.094417ms)
✔ reduced motion: nobody wanders, the headmaster stays at the board, kicks are instant (0.967ms)
✔ every clip life asks for is in the asset contract (4.373291ms)
✔ an unanswered "needs you" frees the kid to wander after BORED_MS; a fresh one keeps the hand up (3.393291ms)
✔ hidden documents abort screen reads, suppress late feeds, and resume one nonoverlapping batch (6.273375ms)
✔ a poller created while hidden waits for reveal and still caps each batch at twelve (2.001375ms)
✔ format completion cannot replace the newly selected file or later keystrokes (52.40275ms)
✔ reload confirmation cannot discard a newly selected file (8.317584ms)
✔ image upload cannot insert an old workspace asset into a different workspace (9.453333ms)
✔ unchanged editor still receives its format result (7.235666ms)
✔ create finishing after workspace switch cannot add an old doc to the new workspace (68.911083ms)
✔ metadata and restore completions remain with their originating workspace (39.724208ms)
✔ remote reload cannot overwrite edits made while its response is pending (14.120125ms)
✔ failed initial list preserves persisted tabs for Retry (14.808125ms)
✔ trash does not discard a dirty buffer after its save failed (14.834334ms)
✔ ordinary reload and same-workspace create still publish (13.828ms)
ℹ tests 55
ℹ suites 0
ℹ pass 55
ℹ fail 0
ℹ cancelled 0
ℹ skipped 0
ℹ todo 0
ℹ duration_ms 652.224709
