TAP version 13
# Subtest: create finishing after workspace switch cannot add an old doc to the new workspace
ok 1 - create finishing after workspace switch cannot add an old doc to the new workspace
  ---
  duration_ms: 79.998625
  type: 'test'
  ...
# Subtest: metadata and restore completions remain with their originating workspace
ok 2 - metadata and restore completions remain with their originating workspace
  ---
  duration_ms: 55.180291
  type: 'test'
  ...
# Subtest: remote reload cannot overwrite edits made while its response is pending
ok 3 - remote reload cannot overwrite edits made while its response is pending
  ---
  duration_ms: 15.3825
  type: 'test'
  ...
# Subtest: failed initial list preserves persisted tabs for Retry
ok 4 - failed initial list preserves persisted tabs for Retry
  ---
  duration_ms: 15.859083
  type: 'test'
  ...
# Subtest: trash does not discard a dirty buffer after its save failed
ok 5 - trash does not discard a dirty buffer after its save failed
  ---
  duration_ms: 16.987875
  type: 'test'
  ...
# Subtest: ordinary reload and same-workspace create still publish
ok 6 - ordinary reload and same-workspace create still publish
  ---
  duration_ms: 14.616083
  type: 'test'
  ...
# Subtest: a remote change while dirty cancels the pending autosave and holds later ones
ok 7 - a remote change while dirty cancels the pending autosave and holds later ones
  ---
  duration_ms: 984.315042
  type: 'test'
  ...
# Subtest: content saves carry if_hash; a 409 raises the banner instead of an error
ok 8 - content saves carry if_hash; a 409 raises the banner instead of an error
  ---
  duration_ms: 30.883959
  type: 'test'
  ...
# Subtest: an event with our own hash (or an older rev) is ignored
ok 9 - an event with our own hash (or an older rev) is ignored
  ---
  duration_ms: 28.372916
  type: 'test'
  ...
# Subtest: a save to a trashed doc says so instead of the "changed elsewhere" banner (S18-307)
ok 10 - a save to a trashed doc says so instead of the "changed elsewhere" banner (S18-307)
  ---
  duration_ms: 15.647041
  type: 'test'
  ...
1..10
# tests 10
# suites 0
# pass 10
# fail 0
# cancelled 0
# skipped 0
# todo 0
# duration_ms 2087.630583
