TAP version 13
# Subtest: create finishing after workspace switch cannot add an old doc to the new workspace
not ok 1 - create finishing after workspace switch cannot add an old doc to the new workspace
  ---
  duration_ms: 76.743292
  type: 'test'
  location: '/Users/itziklavon/otto_os/ui/unit/workbenchOwnership.test.ts:24:1'
  failureType: 'testCodeFailure'
  error: |-
    Expected values to be strictly equal:

    1 !== 0

  code: 'ERR_ASSERTION'
  name: 'AssertionError'
  expected: 0
  actual: 1
  operator: 'strictEqual'
  stack: |-
    TestContext.<anonymous> (file:///Users/itziklavon/otto_os/ui/unit/workbenchOwnership.test.ts:29:10)
    async Test.run (node:internal/test_runner/test:1054:7)
    async startSubtestAfterBootstrap (node:internal/test_runner/harness:296:3)
  ...
# Subtest: metadata and restore completions remain with their originating workspace
not ok 2 - metadata and restore completions remain with their originating workspace
  ---
  duration_ms: 26.9695
  type: 'test'
  location: '/Users/itziklavon/otto_os/ui/unit/workbenchOwnership.test.ts:32:1'
  failureType: 'testCodeFailure'
  error: |-
    patchMeta

    1 !== 0

  code: 'ERR_ASSERTION'
  name: 'AssertionError'
  expected: 0
  actual: 1
  operator: 'strictEqual'
  stack: |-
    TestContext.<anonymous> (file:///Users/itziklavon/otto_os/ui/unit/workbenchOwnership.test.ts:38:12)
    async Test.run (node:internal/test_runner/test:1054:7)
    async Test.processPendingSubtests (node:internal/test_runner/test:744:7)
  ...
# Subtest: remote reload cannot overwrite edits made while its response is pending
not ok 3 - remote reload cannot overwrite edits made while its response is pending
  ---
  duration_ms: 20.202917
  type: 'test'
  location: '/Users/itziklavon/otto_os/ui/unit/workbenchOwnership.test.ts:42:1'
  failureType: 'testCodeFailure'
  error: |-
    Expected values to be strictly equal:
    + actual - expected

    + 'remote'
    - 'typed during reload'

  code: 'ERR_ASSERTION'
  name: 'AssertionError'
  expected: 'typed during reload'
  actual: 'remote'
  operator: 'strictEqual'
  stack: |-
    TestContext.<anonymous> (file:///Users/itziklavon/otto_os/ui/unit/workbenchOwnership.test.ts:47:10)
    async Test.run (node:internal/test_runner/test:1054:7)
    async Test.processPendingSubtests (node:internal/test_runner/test:744:7)
  ...
# Subtest: failed initial list preserves persisted tabs for Retry
not ok 4 - failed initial list preserves persisted tabs for Retry
  ---
  duration_ms: 17.170209
  type: 'test'
  location: '/Users/itziklavon/otto_os/ui/unit/workbenchOwnership.test.ts:52:1'
  failureType: 'testCodeFailure'
  error: |-
    Expected values to be strictly deep-equal:
    + actual - expected

    + []
    - [
    -   'saved-tab'
    - ]

  code: 'ERR_ASSERTION'
  name: 'AssertionError'
  expected:
    0: 'saved-tab'
  actual:
  operator: 'deepStrictEqual'
  stack: |-
    TestContext.<anonymous> (file:///Users/itziklavon/otto_os/ui/unit/workbenchOwnership.test.ts:56:10)
    async Test.run (node:internal/test_runner/test:1054:7)
    async Test.processPendingSubtests (node:internal/test_runner/test:744:7)
  ...
# Subtest: trash does not discard a dirty buffer after its save failed
not ok 5 - trash does not discard a dirty buffer after its save failed
  ---
  duration_ms: 17.448084
  type: 'test'
  location: '/Users/itziklavon/otto_os/ui/unit/workbenchOwnership.test.ts:59:1'
  failureType: 'testCodeFailure'
  error: |-
    Expected values to be strictly equal:

    true !== false

  code: 'ERR_ASSERTION'
  name: 'AssertionError'
  expected: false
  actual: true
  operator: 'strictEqual'
  stack: |-
    TestContext.<anonymous> (file:///Users/itziklavon/otto_os/ui/unit/workbenchOwnership.test.ts:66:10)
    async Test.run (node:internal/test_runner/test:1054:7)
    async Test.processPendingSubtests (node:internal/test_runner/test:744:7)
  ...
# Subtest: ordinary reload and same-workspace create still publish
ok 6 - ordinary reload and same-workspace create still publish
  ---
  duration_ms: 16.892667
  type: 'test'
  ...
1..6
# tests 6
# suites 0
# pass 1
# fail 5
# cancelled 0
# skipped 0
# todo 0
# duration_ms 1170.596334
