TAP version 13
# (node:74694) ExperimentalWarning: The MockTimers API is an experimental feature and might change at any time
# (Use `node --trace-warnings ...` to show where the warning was created)
# Subtest: membership waits for snapshot and fails closed after ten seconds of silence
ok 1 - membership waits for snapshot and fails closed after ten seconds of silence
  ---
  duration_ms: 11.846209
  type: 'test'
  ...
# Subtest: silence deadline resets per server frame rather than rounding to the heartbeat tick
ok 2 - silence deadline resets per server frame rather than rounding to the heartbeat tick
  ---
  duration_ms: 0.357292
  type: 'test'
  ...
# Subtest: a stalled WebSocket handshake reaches disconnected and retries without waiting for open
not ok 3 - a stalled WebSocket handshake reaches disconnected and retries without waiting for open
  ---
  duration_ms: 0.7065
  type: 'test'
  location: '/Users/itziklavon/otto_os/ui/unit/roomClient.test.ts:57:1'
  failureType: 'testCodeFailure'
  error: |-
    Expected values to be strictly equal:
    + actual - expected

    + 'connecting'
    - 'disconnected'

  code: 'ERR_ASSERTION'
  name: 'AssertionError'
  expected: 'disconnected'
  actual: 'connecting'
  operator: 'strictEqual'
  stack: |-
    TestContext.<anonymous> (file:///Users/itziklavon/otto_os/ui/unit/roomClient.test.ts:68:10)
    Test.runInAsyncScope (node:async_hooks:214:14)
    Test.run (node:internal/test_runner/test:1047:25)
    Test.processPendingSubtests (node:internal/test_runner/test:744:18)
    Test.postRun (node:internal/test_runner/test:1173:19)
    Test.run (node:internal/test_runner/test:1101:12)
    async Test.processPendingSubtests (node:internal/test_runner/test:744:7)
  ...
1..3
# tests 3
# suites 0
# pass 2
# fail 1
# cancelled 0
# skipped 0
# todo 0
# duration_ms 78.898833
