TAP version 13
# (node:75270) ExperimentalWarning: The MockTimers API is an experimental feature and might change at any time
# (Use `node --trace-warnings ...` to show where the warning was created)
# Subtest: membership waits for snapshot and fails closed after ten seconds of silence
ok 1 - membership waits for snapshot and fails closed after ten seconds of silence
  ---
  duration_ms: 11.021959
  type: 'test'
  ...
# Subtest: silence deadline resets per server frame rather than rounding to the heartbeat tick
ok 2 - silence deadline resets per server frame rather than rounding to the heartbeat tick
  ---
  duration_ms: 0.316542
  type: 'test'
  ...
# Subtest: a stalled WebSocket handshake reaches disconnected and retries without waiting for open
ok 3 - a stalled WebSocket handshake reaches disconnected and retries without waiting for open
  ---
  duration_ms: 0.304708
  type: 'test'
  ...
1..3
# tests 3
# suites 0
# pass 3
# fail 0
# cancelled 0
# skipped 0
# todo 0
# duration_ms 77.828167
