[WebServer] (node:38744) Warning: The 'NO_COLOR' env is ignored due to the 'FORCE_COLOR' env being set.
[WebServer] (Use `node --trace-warnings ...` to show where the warning was created)
[e2e] launching test daemon: /Users/itziklavon/claude_ade-quality-20261007/target/debug/ottod
[e2e]   OTTO_DATA_DIR=/var/folders/6p/t4qb4qmd2jj3gvd85w0shhmc0000gn/T/otto-e2e-HiamYm OTTO_PORT=7897
2026-10-07T13:24:14.889138Z  WARN otto_keychain: secret store: PLAINTEXT file (/var/folders/6p/t4qb4qmd2jj3gvd85w0shhmc0000gn/T/otto-e2e-HiamYm/secrets.json) — use Settings ▸ Security ▸ Secure secrets… to encrypt it
[e2e] test daemon ready (pid 38745); root onboarded.

Running 9 tests using 1 worker

(node:38826) Warning: The 'NO_COLOR' env is ignored due to the 'FORCE_COLOR' env being set.
(Use `node --trace-warnings ...` to show where the warning was created)
  ✘  1 [iphone-portrait] › e2e/db-sweep-clickhouse.spec.ts:313:3 › Database Explorer — ClickHouse sweep (mobile + tablet) › the grid scrolls horizontally (wide cols) and vertically (many rows) (9.1s)
(node:39249) Warning: The 'NO_COLOR' env is ignored due to the 'FORCE_COLOR' env being set.
(Use `node --trace-warnings ...` to show where the warning was created)
  ✓  2 [iphone-portrait] › e2e/db-sweep-redis.spec.ts:337:3 › DB Explorer — Redis (mobile sweep) › grid scrolls HORIZONTALLY for wide content (or fits without page overflow) (1.2s)
  ✘  3 [iphone-portrait] › e2e/db-sweep-redis.spec.ts:390:3 › DB Explorer — Redis (mobile sweep) › grid scrolls VERTICALLY when rows overflow its block (11.1s)
(node:39567) Warning: The 'NO_COLOR' env is ignored due to the 'FORCE_COLOR' env being set.
(Use `node --trace-warnings ...` to show where the warning was created)
  ✘  4 [iphone-portrait] › e2e/db-sweep-clickhouse.spec.ts:313:3 › Database Explorer — ClickHouse sweep (mobile + tablet) › the grid scrolls horizontally (wide cols) and vertically (many rows) (7.9s)
(node:39770) Warning: The 'NO_COLOR' env is ignored due to the 'FORCE_COLOR' env being set.
(Use `node --trace-warnings ...` to show where the warning was created)
  ✓  5 [iphone-portrait] › e2e/db-sweep-redis.spec.ts:337:3 › DB Explorer — Redis (mobile sweep) › grid scrolls HORIZONTALLY for wide content (or fits without page overflow) (1.2s)
  ✘  6 [iphone-portrait] › e2e/db-sweep-redis.spec.ts:390:3 › DB Explorer — Redis (mobile sweep) › grid scrolls VERTICALLY when rows overflow its block (11.1s)
(node:40343) Warning: The 'NO_COLOR' env is ignored due to the 'FORCE_COLOR' env being set.
(Use `node --trace-warnings ...` to show where the warning was created)
  ✘  7 [iphone-portrait] › e2e/db-sweep-clickhouse.spec.ts:313:3 › Database Explorer — ClickHouse sweep (mobile + tablet) › the grid scrolls horizontally (wide cols) and vertically (many rows) (7.8s)
(node:40787) Warning: The 'NO_COLOR' env is ignored due to the 'FORCE_COLOR' env being set.
(Use `node --trace-warnings ...` to show where the warning was created)
  ✓  8 [iphone-portrait] › e2e/db-sweep-redis.spec.ts:337:3 › DB Explorer — Redis (mobile sweep) › grid scrolls HORIZONTALLY for wide content (or fits without page overflow) (1.1s)
  ✘  9 [iphone-portrait] › e2e/db-sweep-redis.spec.ts:390:3 › DB Explorer — Redis (mobile sweep) › grid scrolls VERTICALLY when rows overflow its block (11.1s)


  1) [iphone-portrait] › e2e/db-sweep-clickhouse.spec.ts:313:3 › Database Explorer — ClickHouse sweep (mobile + tablet) › the grid scrolls horizontally (wide cols) and vertically (many rows)

    Error: grid scrolled vertically

    expect(received).toBeGreaterThan(expected)

    Expected: > 0
    Received:   0

      353 |     const after = await scroll.evaluate((el) => ({ left: el.scrollLeft, top: el.scrollTop }));
      354 |     expect(after.left, 'grid scrolled horizontally').toBeGreaterThan(0);
    > 355 |     expect(after.top, 'grid scrolled vertically').toBeGreaterThan(0);
          |                                                   ^
      356 |   });
      357 |
      358 |   // ── 7. schema tree usable in this orientation ───────────────────────────────
        at /Users/itziklavon/claude_ade-quality-20261007/ui/e2e/db-sweep-clickhouse.spec.ts:355:51

    attachment #1: screenshot (image/png) ──────────────────────────────────────────────────────────
    ../../../../tmp/otto-pr94-anchor-injected/db-sweep-clickhouse-Databa-3cda9-s-and-vertically-many-rows--iphone-portrait/test-failed-1.png
    ────────────────────────────────────────────────────────────────────────────────────────────────

    Error Context: ../../../../tmp/otto-pr94-anchor-injected/db-sweep-clickhouse-Databa-3cda9-s-and-vertically-many-rows--iphone-portrait/error-context.md

    attachment #3: trace (application/zip) ─────────────────────────────────────────────────────────
    ../../../../tmp/otto-pr94-anchor-injected/db-sweep-clickhouse-Databa-3cda9-s-and-vertically-many-rows--iphone-portrait/trace.zip
    Usage:

        npx playwright show-trace ../../../../tmp/otto-pr94-anchor-injected/db-sweep-clickhouse-Databa-3cda9-s-and-vertically-many-rows--iphone-portrait/trace.zip

    ────────────────────────────────────────────────────────────────────────────────────────────────

  2) [iphone-portrait] › e2e/db-sweep-clickhouse.spec.ts:313:3 › Database Explorer — ClickHouse sweep (mobile + tablet) › the grid scrolls horizontally (wide cols) and vertically (many rows)

    Error: grid scrolled vertically

    expect(received).toBeGreaterThan(expected)

    Expected: > 0
    Received:   0

      353 |     const after = await scroll.evaluate((el) => ({ left: el.scrollLeft, top: el.scrollTop }));
      354 |     expect(after.left, 'grid scrolled horizontally').toBeGreaterThan(0);
    > 355 |     expect(after.top, 'grid scrolled vertically').toBeGreaterThan(0);
          |                                                   ^
      356 |   });
      357 |
      358 |   // ── 7. schema tree usable in this orientation ───────────────────────────────
        at /Users/itziklavon/claude_ade-quality-20261007/ui/e2e/db-sweep-clickhouse.spec.ts:355:51

    attachment #1: screenshot (image/png) ──────────────────────────────────────────────────────────
    ../../../../tmp/otto-pr94-anchor-injected/db-sweep-clickhouse-Databa-3cda9-s-and-vertically-many-rows--iphone-portrait-repeat1/test-failed-1.png
    ────────────────────────────────────────────────────────────────────────────────────────────────

    Error Context: ../../../../tmp/otto-pr94-anchor-injected/db-sweep-clickhouse-Databa-3cda9-s-and-vertically-many-rows--iphone-portrait-repeat1/error-context.md

    attachment #3: trace (application/zip) ─────────────────────────────────────────────────────────
    ../../../../tmp/otto-pr94-anchor-injected/db-sweep-clickhouse-Databa-3cda9-s-and-vertically-many-rows--iphone-portrait-repeat1/trace.zip
    Usage:

        npx playwright show-trace ../../../../tmp/otto-pr94-anchor-injected/db-sweep-clickhouse-Databa-3cda9-s-and-vertically-many-rows--iphone-portrait-repeat1/trace.zip

    ────────────────────────────────────────────────────────────────────────────────────────────────

  3) [iphone-portrait] › e2e/db-sweep-clickhouse.spec.ts:313:3 › Database Explorer — ClickHouse sweep (mobile + tablet) › the grid scrolls horizontally (wide cols) and vertically (many rows)

    Error: grid scrolled vertically

    expect(received).toBeGreaterThan(expected)

    Expected: > 0
    Received:   0

      353 |     const after = await scroll.evaluate((el) => ({ left: el.scrollLeft, top: el.scrollTop }));
      354 |     expect(after.left, 'grid scrolled horizontally').toBeGreaterThan(0);
    > 355 |     expect(after.top, 'grid scrolled vertically').toBeGreaterThan(0);
          |                                                   ^
      356 |   });
      357 |
      358 |   // ── 7. schema tree usable in this orientation ───────────────────────────────
        at /Users/itziklavon/claude_ade-quality-20261007/ui/e2e/db-sweep-clickhouse.spec.ts:355:51

    attachment #1: screenshot (image/png) ──────────────────────────────────────────────────────────
    ../../../../tmp/otto-pr94-anchor-injected/db-sweep-clickhouse-Databa-3cda9-s-and-vertically-many-rows--iphone-portrait-repeat2/test-failed-1.png
    ────────────────────────────────────────────────────────────────────────────────────────────────

    Error Context: ../../../../tmp/otto-pr94-anchor-injected/db-sweep-clickhouse-Databa-3cda9-s-and-vertically-many-rows--iphone-portrait-repeat2/error-context.md

    attachment #3: trace (application/zip) ─────────────────────────────────────────────────────────
    ../../../../tmp/otto-pr94-anchor-injected/db-sweep-clickhouse-Databa-3cda9-s-and-vertically-many-rows--iphone-portrait-repeat2/trace.zip
    Usage:

        npx playwright show-trace ../../../../tmp/otto-pr94-anchor-injected/db-sweep-clickhouse-Databa-3cda9-s-and-vertically-many-rows--iphone-portrait-repeat2/trace.zip

    ────────────────────────────────────────────────────────────────────────────────────────────────

  4) [iphone-portrait] › e2e/db-sweep-redis.spec.ts:390:3 › DB Explorer — Redis (mobile sweep) › grid scrolls VERTICALLY when rows overflow its block

    Error: expect(locator).toBeVisible() failed

    Locator: locator('.grid-scroll').locator('tbody .rownum-n').filter({ hasText: /^60$/ })
    Expected: visible
    Timeout: 10000ms
    Error: element(s) not found

    Call log:
      - Expect "toBeVisible" locator('.grid-scroll').locator('tbody .rownum-n').filter({ hasText: /^60$/ }) with timeout 10000ms
      - waiting for locator('.grid-scroll').locator('tbody .rownum-n').filter({ hasText: /^60$/ })


      416 |       await grid.evaluate(el => { el.scrollTop = el.scrollHeight; });
      417 |       const finalRow = grid.locator('tbody .rownum-n').filter({ hasText: new RegExp(`^${VSCROLL_COUNT}$`) });
    > 418 |       await expect(finalRow).toBeVisible();
          |                              ^
      419 |       await expect(finalRow).toBeInViewport({ ratio: 0.5 });
      420 |       await expect.poll(() => grid.evaluate(el => el.scrollTop)).toBeGreaterThan(0);
      421 |       await expect.poll(async () => Number(await grid.locator('tbody .rownum-n').first().textContent())).toBeGreaterThan(1);
        at /Users/itziklavon/claude_ade-quality-20261007/ui/e2e/db-sweep-redis.spec.ts:418:30

    attachment #1: screenshot (image/png) ──────────────────────────────────────────────────────────
    ../../../../tmp/otto-pr94-anchor-injected/db-sweep-redis-DB-Explorer-6e4e5-hen-rows-overflow-its-block-iphone-portrait/test-failed-1.png
    ────────────────────────────────────────────────────────────────────────────────────────────────

    Error Context: ../../../../tmp/otto-pr94-anchor-injected/db-sweep-redis-DB-Explorer-6e4e5-hen-rows-overflow-its-block-iphone-portrait/error-context.md

    attachment #3: trace (application/zip) ─────────────────────────────────────────────────────────
    ../../../../tmp/otto-pr94-anchor-injected/db-sweep-redis-DB-Explorer-6e4e5-hen-rows-overflow-its-block-iphone-portrait/trace.zip
    Usage:

        npx playwright show-trace ../../../../tmp/otto-pr94-anchor-injected/db-sweep-redis-DB-Explorer-6e4e5-hen-rows-overflow-its-block-iphone-portrait/trace.zip

    ────────────────────────────────────────────────────────────────────────────────────────────────

  5) [iphone-portrait] › e2e/db-sweep-redis.spec.ts:390:3 › DB Explorer — Redis (mobile sweep) › grid scrolls VERTICALLY when rows overflow its block

    Error: expect(locator).toBeInViewport() failed

    Locator: locator('.grid-scroll').locator('tbody .rownum-n').filter({ hasText: /^60$/ })
    Expected: in viewport
    Timeout: 10000ms
    Error: element(s) not found

    Call log:
      - Expect "toBeInViewport" locator('.grid-scroll').locator('tbody .rownum-n').filter({ hasText: /^60$/ }) with timeout 10000ms
      - waiting for locator('.grid-scroll').locator('tbody .rownum-n').filter({ hasText: /^60$/ })


      417 |       const finalRow = grid.locator('tbody .rownum-n').filter({ hasText: new RegExp(`^${VSCROLL_COUNT}$`) });
      418 |       await expect(finalRow).toBeVisible();
    > 419 |       await expect(finalRow).toBeInViewport({ ratio: 0.5 });
          |                              ^
      420 |       await expect.poll(() => grid.evaluate(el => el.scrollTop)).toBeGreaterThan(0);
      421 |       await expect.poll(async () => Number(await grid.locator('tbody .rownum-n').first().textContent())).toBeGreaterThan(1);
      422 |     } finally {
        at /Users/itziklavon/claude_ade-quality-20261007/ui/e2e/db-sweep-redis.spec.ts:419:30

    attachment #1: screenshot (image/png) ──────────────────────────────────────────────────────────
    ../../../../tmp/otto-pr94-anchor-injected/db-sweep-redis-DB-Explorer-6e4e5-hen-rows-overflow-its-block-iphone-portrait-repeat1/test-failed-1.png
    ────────────────────────────────────────────────────────────────────────────────────────────────

    Error Context: ../../../../tmp/otto-pr94-anchor-injected/db-sweep-redis-DB-Explorer-6e4e5-hen-rows-overflow-its-block-iphone-portrait-repeat1/error-context.md

    attachment #3: trace (application/zip) ─────────────────────────────────────────────────────────
    ../../../../tmp/otto-pr94-anchor-injected/db-sweep-redis-DB-Explorer-6e4e5-hen-rows-overflow-its-block-iphone-portrait-repeat1/trace.zip
    Usage:

        npx playwright show-trace ../../../../tmp/otto-pr94-anchor-injected/db-sweep-redis-DB-Explorer-6e4e5-hen-rows-overflow-its-block-iphone-portrait-repeat1/trace.zip

    ────────────────────────────────────────────────────────────────────────────────────────────────

  6) [iphone-portrait] › e2e/db-sweep-redis.spec.ts:390:3 › DB Explorer — Redis (mobile sweep) › grid scrolls VERTICALLY when rows overflow its block

    Error: expect(locator).toBeInViewport() failed

    Locator: locator('.grid-scroll').locator('tbody .rownum-n').filter({ hasText: /^60$/ })
    Expected: in viewport
    Timeout: 10000ms
    Error: element(s) not found

    Call log:
      - Expect "toBeInViewport" locator('.grid-scroll').locator('tbody .rownum-n').filter({ hasText: /^60$/ }) with timeout 10000ms
      - waiting for locator('.grid-scroll').locator('tbody .rownum-n').filter({ hasText: /^60$/ })


      417 |       const finalRow = grid.locator('tbody .rownum-n').filter({ hasText: new RegExp(`^${VSCROLL_COUNT}$`) });
      418 |       await expect(finalRow).toBeVisible();
    > 419 |       await expect(finalRow).toBeInViewport({ ratio: 0.5 });
          |                              ^
      420 |       await expect.poll(() => grid.evaluate(el => el.scrollTop)).toBeGreaterThan(0);
      421 |       await expect.poll(async () => Number(await grid.locator('tbody .rownum-n').first().textContent())).toBeGreaterThan(1);
      422 |     } finally {
        at /Users/itziklavon/claude_ade-quality-20261007/ui/e2e/db-sweep-redis.spec.ts:419:30

    attachment #1: screenshot (image/png) ──────────────────────────────────────────────────────────
    ../../../../tmp/otto-pr94-anchor-injected/db-sweep-redis-DB-Explorer-6e4e5-hen-rows-overflow-its-block-iphone-portrait-repeat2/test-failed-1.png
    ────────────────────────────────────────────────────────────────────────────────────────────────

    Error Context: ../../../../tmp/otto-pr94-anchor-injected/db-sweep-redis-DB-Explorer-6e4e5-hen-rows-overflow-its-block-iphone-portrait-repeat2/error-context.md

    attachment #3: trace (application/zip) ─────────────────────────────────────────────────────────
    ../../../../tmp/otto-pr94-anchor-injected/db-sweep-redis-DB-Explorer-6e4e5-hen-rows-overflow-its-block-iphone-portrait-repeat2/trace.zip
    Usage:

        npx playwright show-trace ../../../../tmp/otto-pr94-anchor-injected/db-sweep-redis-DB-Explorer-6e4e5-hen-rows-overflow-its-block-iphone-portrait-repeat2/trace.zip

    ────────────────────────────────────────────────────────────────────────────────────────────────

  6 failed
    [iphone-portrait] › e2e/db-sweep-clickhouse.spec.ts:313:3 › Database Explorer — ClickHouse sweep (mobile + tablet) › the grid scrolls horizontally (wide cols) and vertically (many rows)
    [iphone-portrait] › e2e/db-sweep-clickhouse.spec.ts:313:3 › Database Explorer — ClickHouse sweep (mobile + tablet) › the grid scrolls horizontally (wide cols) and vertically (many rows)
    [iphone-portrait] › e2e/db-sweep-clickhouse.spec.ts:313:3 › Database Explorer — ClickHouse sweep (mobile + tablet) › the grid scrolls horizontally (wide cols) and vertically (many rows)
    [iphone-portrait] › e2e/db-sweep-redis.spec.ts:390:3 › DB Explorer — Redis (mobile sweep) › grid scrolls VERTICALLY when rows overflow its block
    [iphone-portrait] › e2e/db-sweep-redis.spec.ts:390:3 › DB Explorer — Redis (mobile sweep) › grid scrolls VERTICALLY when rows overflow its block
    [iphone-portrait] › e2e/db-sweep-redis.spec.ts:390:3 › DB Explorer — Redis (mobile sweep) › grid scrolls VERTICALLY when rows overflow its block
  3 passed (1.1m)
