[WebServer] (node:14792) Warning: The 'NO_COLOR' env is ignored due to the 'FORCE_COLOR' env being set.
[WebServer] (Use `node --trace-warnings ...` to show where the warning was created)
[e2e] launching test daemon: /Users/itziklavon/claude_ade-quality-20261007/target/debug/ottod
[e2e]   OTTO_DATA_DIR=/var/folders/6p/t4qb4qmd2jj3gvd85w0shhmc0000gn/T/otto-e2e-1F4wNj OTTO_PORT=7897
2026-10-07T12:48:17.037149Z  WARN otto_keychain: secret store: PLAINTEXT file (/var/folders/6p/t4qb4qmd2jj3gvd85w0shhmc0000gn/T/otto-e2e-1F4wNj/secrets.json) — use Settings ▸ Security ▸ Secure secrets… to encrypt it
[e2e] test daemon ready (pid 14809); root onboarded.

Running 42 tests using 1 worker

(node:14919) Warning: The 'NO_COLOR' env is ignored due to the 'FORCE_COLOR' env being set.
(Use `node --trace-warnings ...` to show where the warning was created)
  ✓   1 [desktop-browser] › e2e/desktop-db-compact-output.spec.ts:45:3 › compact results 390px light: footer Next stays reachable and pages (2.0s)
  ✓   2 [desktop-browser] › e2e/desktop-db-compact-output.spec.ts:45:3 › compact results 390px dark: footer Next stays reachable and pages (834ms)
  ✓   3 [desktop-browser] › e2e/desktop-db-compact-output.spec.ts:45:3 › compact results 560px light: footer Next stays reachable and pages (802ms)
  ✓   4 [desktop-browser] › e2e/desktop-db-compact-output.spec.ts:45:3 › compact results 560px dark: footer Next stays reachable and pages (802ms)
  ✓   5 [desktop-browser] › e2e/desktop-db-compact-output.spec.ts:90:3 › first Explain light: plan has visible output before any query ran (915ms)
  ✓   6 [desktop-browser] › e2e/desktop-db-compact-output.spec.ts:90:3 › first Explain dark: plan has visible output before any query ran (1.0s)
  ✓   7 [desktop-browser] › e2e/desktop-db-json-edit.spec.ts:83:1 › JSON cell + JSON-view document editing round-trips through review (6.1s)
  ✓   8 [desktop-browser] › e2e/desktop-db-json-edit.spec.ts:180:1 › Vertical: nested dbl-click → $set dotted path with diff (4.1s)
  ✓   9 [desktop-browser] › e2e/desktop-db-json-edit.spec.ts:224:1 › Vertical: field menu → Delete field parks a $unset (4.2s)
  ✓  10 [desktop-browser] › e2e/desktop-db-json-edit.spec.ts:257:1 › Vertical: record menu → Insert document… reviews an insertOne (4.3s)
  ✓  11 [desktop-browser] › e2e/desktop-db-mongo-fat-docs.spec.ts:141:1 › Structure tab lists EMBEDDED field paths for a collection (2.0s)
  ✓  12 [desktop-browser] › e2e/desktop-db-mongo-fat-docs.spec.ts:154:1 › Fields table indexes a nested path in one click (2.0s)
  ✓  13 [desktop-browser] › e2e/desktop-db-mongo-fat-docs.spec.ts:167:1 › index builder can name a path the sampler never saw (2.1s)
  ✓  14 [desktop-browser] › e2e/desktop-db-mongo-fat-docs.spec.ts:178:1 › index builder can set a DESCENDING key direction (2.1s)
  ✓  15 [desktop-browser] › e2e/desktop-db-mongo-fat-docs.spec.ts:193:1 › JSON view stays bounded on fat documents (1.5s)
  ✓  16 [desktop-browser] › e2e/desktop-db-mongo-fat-docs.spec.ts:213:1 › JSON view expands a collapsed branch on demand (1.6s)
  ✓  17 [desktop-browser] › e2e/desktop-db-mongo-fat-docs.spec.ts:244:1 › Vertical view stays bounded on fat documents (1.3s)
  ✓  18 [desktop-browser] › e2e/desktop-db-mongo-fat-docs.spec.ts:260:1 › nested fields render vertically by default and expansion is sticky (2.3s)
  ✓  19 [desktop-browser] › e2e/desktop-db-mongo-fat-docs.spec.ts:302:1 › grid cells clip blob text instead of shipping it whole (1.3s)
  ✓  20 [desktop-browser] › e2e/desktop-db-plan.spec.ts:76:3 › DB Explorer — query-plan panel › MySQL: unindexed scan → plan tree + full-scan warning; raw toggle + close (1.3s)
  ✓  21 [desktop-browser] › e2e/desktop-db-plan.spec.ts:102:3 › DB Explorer — query-plan panel › MySQL: primary-key lookup → plan tree with NO warning badge (1.1s)
  ✓  22 [desktop-browser] › e2e/desktop-db-plan.spec.ts:113:3 › DB Explorer — query-plan panel › Redis: Explain button is hidden (no query-plan surface) (558ms)
  ✓  23 [desktop-browser] › e2e/desktop-db-power-features.spec.ts:109:1 › MySQL: Format unwraps Java string-concatenation into clean SQL (1.1s)
  ✓  24 [desktop-browser] › e2e/desktop-db-power-features.spec.ts:123:1 › MySQL: editor auto-closes a typed quote (607ms)
  ✓  25 [desktop-browser] › e2e/desktop-db-power-features.spec.ts:135:1 › MySQL: Cmd+F opens the in-editor search panel, not the page overlay (610ms)
  ✓  26 [desktop-browser] › e2e/desktop-db-power-features.spec.ts:144:1 › MySQL: schema tree "Copy create statement" copies the DDL (3.5s)
  ✓  27 [desktop-browser] › e2e/desktop-db-power-features.spec.ts:156:1 › MySQL: Table Designer can add an index and a foreign key (3.8s)
  ✓  28 [desktop-browser] › e2e/desktop-db-power-features.spec.ts:188:1 › Mongo: Cmd+Z undoes an external statement rewrite (Format) (1.9s)
  ✓  29 [desktop-browser] › e2e/desktop-db-power-features.spec.ts:208:1 › Mongo: index builder offers NESTED field paths, and filters the list (2.1s)
  ✓  30 [desktop-browser] › e2e/desktop-db-power-features.spec.ts:241:1 › Mongo: Drop index prepares a dropIndex for review (2.1s)
  ✓  31 [desktop-browser] › e2e/desktop-db-power-features.spec.ts:251:1 › Mongo: Edit index prepares a drop + recreate that keeps unique (2.1s)
  ✓  32 [desktop-browser] › e2e/desktop-db-power-features.spec.ts:272:1 › Mongo: the _id_ index can't be edited or dropped (2.0s)
  ✓  33 [desktop-browser] › e2e/desktop-db-power-features.spec.ts:280:1 › MySQL: Drop index prepares ALTER TABLE … DROP INDEX (and DROP PRIMARY KEY) (3.6s)
  ✓  34 [desktop-browser] › e2e/desktop-db-power-features.spec.ts:326:1 › Mongo: an `exists` condition becomes a partialFilterExpression (2.2s)
  ✓  35 [desktop-browser] › e2e/desktop-db-power-features.spec.ts:338:1 › Mongo: an `in` condition types its values ($in with a number) (2.2s)
  ✓  36 [desktop-browser] › e2e/desktop-db-power-features.spec.ts:348:1 › MySQL: a condition emulates a partial index with a CASE key part (3.6s)
  ✓  37 [desktop-browser] › e2e/desktop-db-power-features.spec.ts:363:1 › Postgres: a condition becomes a native WHERE clause (1.7s)
  ✓  38 [desktop-browser] › e2e/desktop-db-power-features.spec.ts:374:1 › Postgres: Drop index uses DROP INDEX, but DROP CONSTRAINT for the PK (1.8s)
  ✓  39 [desktop-browser] › e2e/desktop-db-shortcuts.spec.ts:55:1 › ⌘S opens the save bar — no shell side-effects (611ms)
  ✓  40 [desktop-browser] › e2e/desktop-db-shortcuts.spec.ts:65:1 › ⌥⌘T adds a query tab, ⌥⌘W closes it — not shell sessions (630ms)
  ✓  41 [desktop-browser] › e2e/desktop-db-shortcuts.spec.ts:84:1 › ⌥⌘→ / ⌥⌘← switch query tabs (646ms)
  ✓  42 [desktop-browser] › e2e/desktop-db-shortcuts.spec.ts:101:1 › running status shows during a slow query; Esc cancels it (679ms)

  42 passed (1.5m)
