   Compiling otto-dbviewer v0.2.0 (/Users/itziklavon/claude_ade-quality-20261007/crates/otto-dbviewer)
    Finished `test` profile [unoptimized] target(s) in 12.69s
     Running unittests src/lib.rs (target/debug/deps/otto_dbviewer-05018fbdc5a9614d)

running 462 tests
test access::select_into_regressions::select_into_never_receives_read_only_authority ... ok
test access::tests::child_and_canonical_node_split_authorization_from_execution ... ok
test access::tests::governed_sql_accounts_for_nested_writes_and_rejects_session_commands ... ok
test access::tests::governed_sql_rejects_table_functions_and_custom_casts ... ok
test access::select_into_regressions::side_effect_functions_are_not_provable_reads ... ok
test complete::mongo::tests::aggregate_pipeline_match_stage ... ok
test complete::mongo::tests::collection_assembly ... ok
test complete::mongo::tests::collection_context ... ok
test access::tests::unparsed_engines_classify_reads_and_writes_instead_of_refusing ... ok
test complete::mongo::tests::embedded_parent_and_child_both_offered ... ok
test complete::mongo::tests::embedded_path_prefix_captured ... ok
test complete::mongo::tests::field_context_in_find ... ok
test complete::mongo::tests::fields_indexes_first ... ok
test complete::mongo::tests::method_assembly ... ok
test complete::mongo::tests::method_context ... ok
test complete::mongo::tests::native_dotted_field_inserts_quoted ... ok
test complete::mongo::tests::nested_object_field ... ok
test complete::mongo::tests::second_key_after_comma_is_field_again ... ok
test complete::mongo::tests::sql_any_offers_keywords_and_collections ... ok
test complete::mongo::tests::sql_dotted_field_inserts_bare ... ok
test complete::mongo::tests::sql_from_offers_collections ... ok
test complete::mongo::tests::sql_where_offers_fields_not_collections ... ok
test complete::mongo::tests::string_braces_dont_confuse_scan ... ok
test complete::mongo::tests::value_position_is_not_field ... ok
test complete::sql::tests::alias_qualifier ... ok
test complete::sql::tests::and_expects_column ... ok
test complete::sql::tests::backtick_identifiers ... ok
test complete::sql::tests::bare_prefix_is_any ... ok
test complete::sql::tests::call_expects_procedures ... ok
test complete::sql::tests::comma_join ... ok
test complete::sql::tests::current_statement_scopes_to_last_segment ... ok
test complete::sql::tests::drop_function_expects_functions ... ok
test complete::sql::tests::from_expects_table ... ok
test complete::sql::tests::from_offers_tables_above_keywords ... ok
test complete::sql::tests::from_partial_table ... ok
test complete::sql::tests::insert_into_paren_is_columns ... ok
test complete::sql::tests::join_collects_both_tables ... ok
test complete::sql::tests::last_statement_only ... ok
test complete::sql::tests::qualified_db_table_in_from ... ok
test complete::sql::tests::routine_arg_paren_is_not_a_routine_slot ... ok
test complete::sql::tests::qualified_columns_only_that_table ... ok
test complete::sql::tests::select_list_knows_table_from_suffix ... ok
test complete::sql::tests::show_create_function_expects_functions ... ok
test complete::sql::tests::show_create_procedure_expects_procedures ... ok
test complete::sql::tests::string_literal_with_from_inside_is_ignored ... ok
test complete::sql::tests::subquery_from_is_skipped ... ok
test complete::sql::tests::unresolvable_where_falls_back_to_all_columns ... ok
test complete::sql::tests::where_columns_are_index_first ... ok
test complete::sql::tests::where_expects_column ... ok
test complete::tests::cache_roundtrip_and_invalidate ... ok
test complete::tests::case_insensitive_object_lookup ... ok
test complete::tests::bounded_cache_evicts_oldest_without_crossing_field_scopes ... ok
test complete::tests::failed_build_is_negatively_cached_until_invalidated ... ok
test complete::tests::fields_or_build_is_single_flight ... ok
test complete::tests::fields_or_build_negatively_caches_an_empty_build ... ok
test complete::tests::concurrent_misses_share_one_build ... ok
test complete::tests::finalize_filters_by_the_typed_word_without_truncating_small_lists ... ok
test complete::tests::finalize_prefers_prefix_matches_when_capping ... ok
test complete::tests::first_db_cache_roundtrip_and_invalidate ... ok
test complete::tests::fuzzy_contains_is_an_in_order_case_insensitive_subsequence ... ok
test complete::tests::graph_snapshot_ranks_pk_first_for_the_enforced_path ... ok
test complete::tests::invalidate_only_targets_one_connection ... ok
test complete::tests::rank_scores_are_index_first ... ok
test complete::tests::finalize_caps_huge_lists_keeping_the_best_scored_and_flags_truncated ... ok
test complete::tests::sweep_drops_only_expired_entries ... ok
test complete::tests::typed_word_is_the_segment_after_the_qualifier ... ok
test config::tests::default_port_applied ... ok
test config::tests::mysql_basic ... ok
test config::tests::port_as_string ... ok
test config::tests::postgres_basic_and_default_port ... ok
test config::tests::profile_json_cannot_supply_internal_execution_authority ... ok
test config::tests::secure_shorthand_enables_tls ... ok
test config::tests::ssh_kind_rejected ... ok
test config::tests::tls_and_ssh_parsed ... ok
test driver::tests::default_cancel_is_a_noop_success ... ok
test driver::tests::default_export_to_writer_refuses_over_cap ... ok
test driver::tests::default_export_to_writer_writes_buffered_bytes ... ok
test driver::tests::default_run_tracked_delegates_to_run_and_ignores_token ... ok
test driver::tests::export_to_path_wrapper_writes_identical_bytes_to_file ... ok
test driver::tests::overridden_cancel_dispatches_with_the_captured_handle ... ok
test drivers::clickhouse::perf_bench::bench_compact_stream_100k_x_30 ... ignored
test complete::tests::single_flight_builds_once_and_honours_ttl ... ok
test drivers::clickhouse::tests::bulk_graph_groups_columns_and_flags_truncation ... ok
test drivers::clickhouse::tests::capabilities_are_honest ... ok
test drivers::clickhouse::tests::capped_run_reader_stops_early_on_a_huge_reply_and_kills_the_query ... ok
test drivers::clickhouse::tests::compact_stream_decodes_rows_meta_and_statistics ... ok
test drivers::clickhouse::tests::compact_stream_falls_back_to_whole_body_for_single_line_json ... ok
test drivers::clickhouse::tests::compact_stream_in_band_exception_is_an_error ... ok
test drivers::clickhouse::tests::compact_stream_raw_trailing_exception_mid_rows_is_an_error ... ok
test drivers::clickhouse::tests::compact_stream_stops_at_the_byte_budget_keeping_at_least_one_row ... ok
test drivers::clickhouse::tests::compact_stream_stops_at_the_row_cap ... ok
test drivers::clickhouse::tests::compressed_reply_streams_into_rows ... ok
test drivers::clickhouse::tests::detects_statements_that_return_rows ... ok
test drivers::clickhouse::tests::escapes_backslashes_in_literals_and_idents ... ok
test drivers::clickhouse::tests::escapes_identifier_quotes ... ok
test drivers::clickhouse::tests::evict_idle_drops_only_stale_handles ... ok
test drivers::clickhouse::tests::forged_readonly_refusal_never_disables_the_barrier ... ok
test drivers::clickhouse::tests::json_cell_to_text_unwraps_strings ... ok
test drivers::clickhouse::tests::mid_stream_broken_json_surfaces_the_server_error ... ok
test drivers::clickhouse::tests::mid_stream_exception_field_is_an_error_not_partial_rows ... ok
test drivers::clickhouse::tests::native_port_recognition ... ok
test drivers::clickhouse::tests::read_only_execution_flag_selects_server_readonly_mode ... ok
test drivers::clickhouse::tests::readonly_memo_is_shared_per_cache_key ... ok
test drivers::clickhouse::tests::readonly_refusal_is_memoized_per_connection ... ok
test drivers::clickhouse::tests::server_row_cap_is_sent_as_request_settings ... ok
test drivers::clickhouse::tests::single_select_counts_select_keywords ... ok
test drivers::clickhouse::tests::strips_surrounding_quotes ... ok
test drivers::clickhouse::tests::transport_param_forces_native ... ok
test drivers::clickhouse::tests::transport_selected_by_port ... ok
test drivers::clickhouse::tests::value_array_and_tuple_to_json ... ok
test drivers::clickhouse::tests::value_map_to_json_object ... ok
test drivers::clickhouse::tests::value_scalars_to_json ... ok
test drivers::clickhouse::tests::zstd_body_decodes_across_arbitrary_chunk_splits ... ok
test drivers::mongo_parse::tests::backtick_preserves_sql_with_parens_and_quotes ... ok
test drivers::mongo_parse::tests::bare_identifier_is_rejected ... ok
test drivers::mongo_parse::tests::date_string_and_objectid_and_numberlong ... ok
test drivers::mongo_parse::tests::escaped_multibyte_char_does_not_panic ... ok
test drivers::mongo_parse::tests::line_and_block_comments ... ok
test drivers::mongo_parse::tests::literals_null_bool_undefined ... ok
test drivers::mongo_parse::tests::new_date_no_args_is_iso_sentinel ... ok
test drivers::mongo_parse::tests::numeric_and_nested ... ok
test drivers::mongo_parse::tests::objectid_no_args_generates_hex ... ok
test drivers::mongo_parse::tests::parses_a_dashboard_shaped_payload ... ok
test drivers::mongo_parse::tests::single_double_and_backtick_strings ... ok
test drivers::mongo_parse::tests::template_interpolation_is_rejected ... ok
test drivers::mongo_parse::tests::unquoted_keys_and_trailing_commas ... ok
test drivers::mongo_sql::tests::count_star ... ok
test drivers::mongo_sql::tests::global_aggregate_no_group_by ... ok
test drivers::mongo_sql::tests::group_by_aggregate ... ok
test drivers::mongo_sql::tests::inner_join_lookup ... ok
test drivers::mongo_sql::tests::left_join_preserves_nulls ... ok
test drivers::mongo_sql::tests::looks_like_sql_detects_select ... ok
test drivers::mongo_sql::tests::not_negation ... ok
test drivers::mongo_sql::tests::rejects_right_join ... ok
test drivers::mongo_sql::tests::simple_find_with_where_sort_limit ... ok
test drivers::mongo_sql::tests::star_with_in_and_like ... ok
test drivers::mongodb::perf_bench::bench_docs_to_result_100k_x_30 ... ignored
test drivers::clickhouse::perf_bench::compact_stream_10k_x_30_within_ceiling ... ok
test drivers::mongodb::perf_tests::bound_pipeline_appends_the_probe_limit_but_never_after_a_write_stage ... ok
test drivers::mongodb::perf_tests::default_timeouts_fill_only_what_the_uri_left_unset ... ok
test drivers::mongodb::perf_tests::one_sample_pass_feeds_tree_structure_and_completion ... ok
test drivers::mongodb::perf_tests::sparse_documents_spill_keys_past_the_column_cap ... ok
test drivers::mongodb::sql_e2e::mongo_cancel_kills_tagged_find_e2e ... ignored, requires docker
test drivers::mongodb::sql_e2e::mongo_keyset_walk_e2e ... ignored, requires docker
test drivers::mongodb::sql_e2e::sql_to_mongo_e2e ... ignored, requires docker
test drivers::mongodb::tests::binary_and_uuid_round_trip_through_typed_json ... ok
test drivers::mongodb::tests::binary_uuid_subtype_renders_uuid_string ... ok
test drivers::mongodb::tests::bson_to_json_simple_doc ... ok
test drivers::mongodb::tests::bson_to_json_typed_binary_uuid_vs_generic ... ok
test drivers::mongodb::tests::bson_to_json_typed_gates_int64_at_2_pow_53 ... ok
test drivers::mongodb::tests::bson_to_json_typed_preserves_oid_and_date ... ok
test drivers::mongodb::tests::current_op_pipeline_matches_comment_and_projects_opid ... ok
test drivers::mongodb::tests::graph_columns_put_id_first ... ok
test drivers::mongodb::tests::graph_sample_pipeline_ships_only_names_and_types ... ok
test drivers::mongodb::perf_bench::docs_to_result_10k_x_30_within_ceiling ... ok
test drivers::mongodb::tests::grouped_rows_become_graph_columns ... ok
test drivers::mongodb::tests::is_unauthorized_matches_privilege_refusals_only ... ok
test drivers::mongodb::tests::json_command_form ... ok
test drivers::mongodb::tests::json_command_pipeline_defaults_to_aggregate ... ok
test drivers::mongodb::tests::keyset_filter_forces_id_sort_on_page_one ... ok
test drivers::mongodb::tests::keyset_filter_rejects_explicit_limit_other_sort_and_id_filter ... ok
test drivers::mongodb::tests::keyset_filter_with_cursor_ands_a_typed_gt_on_id ... ok
test drivers::mongodb::tests::last_row_id_reads_the_id_column_of_the_last_row ... ok
test drivers::mongodb::tests::mongo_comment_tag_is_namespaced_by_query_id ... ok
test drivers::mongodb::tests::mongosh_invocation_builds_the_native_equivalent_uri ... ok
test drivers::mongodb::tests::mongosh_invocation_conn_string_wins_with_secret_substitution ... ok
test drivers::mongodb::tests::mongosh_prelude_json_escapes_the_uri ... ok
test drivers::mongodb::tests::mongosh_prelude_switches_to_the_selected_database ... ok
test drivers::mongodb::tests::opids_from_current_op_keeps_raw_bson_and_skips_rows_without_one ... ok
test drivers::mongodb::tests::parses_mongosh_insert_with_date_and_backtick ... ok
test drivers::mongodb::tests::parses_update_one_with_set_unset_rename_and_typed_sentinels ... ok
test drivers::mongodb::tests::resolve_collection_alias_qualifier ... ok
test drivers::mongodb::tests::resolve_collection_embedded_path_falls_back_to_base ... ok
test drivers::mongodb::tests::resolve_collection_no_from_uses_tree_node ... ok
test drivers::mongodb::tests::resolve_collection_unqualified_uses_base ... ok
test drivers::mongodb::tests::script_output_is_bounded_while_streaming ... ok
test drivers::mongodb::tests::script_timeout_honours_the_tab_timeout ... ok
test drivers::mongodb::tests::selected_database_wins_over_the_profile_default ... ok
test drivers::mongodb::tests::shorthand_aggregate ... ok
test drivers::mongodb::tests::shorthand_count ... ok
test drivers::mongodb::tests::shorthand_find_basic ... ok
test drivers::mongodb::tests::shorthand_find_with_filter_limit_sort ... ok
test drivers::mongodb::tests::shorthand_honours_escaped_quotes_in_strings ... ok
test drivers::mongodb::tests::shorthand_replace_one ... ok
test drivers::mongodb::tests::single_statement_without_semicolon_is_one ... ok
test drivers::mongodb::tests::grid_expansion_counts_escaped_values_and_late_columns ... ok
test drivers::mongodb::tests::splits_multi_statement_paste_with_comments ... ok
test drivers::mongodb::tests::sql_routing_predicate ... ok
test drivers::mongodb::tests::structure_sample_is_bounded_by_bytes_not_document_count ... ok
test drivers::mongodb::tests::timestamp_round_trips_through_typed_json ... ok
test drivers::mongodb::tests::type_aliases_match_the_explorer_labels ... ok
test drivers::mysql::cache_isolation_tests::cache_warm_mysql_pool_does_not_wait_for_other_handshake ... ok
test drivers::mysql::cache_isolation_tests::connect_setup_is_one_statement ... ok
test drivers::mysql::cache_isolation_tests::effective_db_is_selection_then_profile_default ... ok
test drivers::mysql::cache_isolation_tests::per_run_setup_is_one_round_trip ... ok
test drivers::mysql::cache_isolation_tests::session_changing_statements_retire_the_pooled_session ... ok
test drivers::mysql::tests::capabilities_are_honest ... ok
test drivers::mysql::tests::cell_decoder_is_chosen_by_column_type ... ok
test drivers::mysql::tests::detects_read_statements ... ok
test drivers::mysql::tests::detects_write_statements ... ok
test drivers::mysql::tests::esc_ident_doubles_backticks ... ok
test drivers::mysql::tests::first_keyword_skips_comments ... ok
test drivers::mysql::tests::value_shaping_ints_strings_null ... ok
test drivers::mysql::tests::value_shaping_temporal ... ok
test drivers::postgres::tests::bulk_graph_assembles_flags_edges_and_truncation ... ok
test drivers::postgres::tests::capabilities_are_honest ... ok
test drivers::postgres::tests::detects_read_statements ... ok
test drivers::postgres::tests::detects_write_statements ... ok
test drivers::postgres::tests::float_shaping ... ok
test drivers::postgres::tests::interval_renders_iso_ish ... ok
test drivers::postgres::tests::money_renders_two_decimals ... ok
test drivers::postgres::tests::per_run_setup_is_one_round_trip ... ok
test drivers::postgres::tests::pg_cell_decoder_is_chosen_by_column_type ... ok
test drivers::postgres::tests::quote_ident_doubles_quotes ... ok
test drivers::postgres::tests::raw_cell_estimates_track_rendered_size ... ok
test drivers::postgres::tests::session_changing_statements_retire_the_pooled_session ... ok
test drivers::postgres::tests::session_setup_is_always_explicit ... ok
test drivers::redis::perf_tests::big_array_reply_is_capped_before_conversion ... ok
test drivers::redis::perf_tests::byte_budget_stops_rows_but_keeps_at_least_one ... ok
test drivers::redis::perf_tests::key_header_decodes_each_reply_independently ... ok
test drivers::redis::perf_tests::manager_config_bounds_connect_and_response ... ok
test drivers::redis::perf_tests::scalar_replies_still_render ... ok
test drivers::redis::tests::binary_bulk_string_renders_base64_not_placeholder ... ok
test drivers::redis::tests::capabilities_are_honest ... ok
test drivers::redis::tests::connection_state_commands_are_refused ... ok
test drivers::redis::tests::info_field_extracts_version ... ok
test drivers::redis::tests::keyspace_keys_parses_stats ... ok
test drivers::redis::tests::keyspace_scope_reaches_the_driver ... ok
test drivers::redis::tests::reply_to_result_array_is_row_per_element ... ok
test drivers::redis::tests::reply_to_result_bulk_string_is_single_cell ... ok
test drivers::redis::tests::reply_to_result_nil_is_message ... ok
test drivers::redis::tests::split_args_handles_quotes_and_spaces ... ok
test errors::tests::ch_auth_and_readonly_keep_message ... ok
test errors::tests::ch_http_strips_version_and_stack_trace ... ok
test errors::tests::ch_native_exception_drops_stack_and_double_prefix ... ok
test errors::tests::ch_syntax_error_collapses_expected_list_and_format_echo ... ok
test errors::tests::ch_trailing_exception_finds_the_last_code ... ok
test errors::tests::mongo_selection_pulls_out_the_real_error ... ok
test errors::tests::mysql_message_keeps_errno_and_state ... ok
test errors::tests::nearest_names_ranks_and_prefers ... ok
test errors::tests::pg_message_keeps_hint_detail_code_position ... ok
test errors::tests::sqlx_non_database_errors_keep_their_text ... ok
test errors::tests::suggestions_from_snapshot ... ok
test errors::tests::unknown_name_per_engine ... ok
test export::tests::clickhouse_format_mapping ... ok
test export::tests::csv_guards_leading_formula_strings ... ok
test export::tests::csv_header_name_with_comma_is_quoted ... ok
test export::tests::csv_no_header_quotes_specials ... ok
test export::tests::csv_with_names_emits_header ... ok
test export::tests::extension_mapping ... ok
test export::tests::format_deserializes_snake_case ... ok
test export::tests::json_empty_result_is_empty_array ... ok
test export::tests::json_is_a_single_array_of_objects ... ok
test export::tests::ndjson_is_one_object_per_line ... ok
test export::tests::tsv_no_header_replaces_control_chars ... ok
test export::tests::tsv_with_names_emits_header ... ok
test export::tests::write_raw_counts_bytes_not_rows ... ok
test http::tests::editor_passes_widget_execution_gate ... ok
test drivers::mongodb::tests::sparse_grid_expansion_obeys_cell_and_byte_budgets ... ok
test http::tests::global_connection_without_a_pool_is_root_only ... ok
test http::tests::import_gate_requires_editor ... ok
test http::tests::nl_to_sql_gate_requires_editor ... ok
test http::tests::non_owner_editor_is_denied_ownership_gate ... ok
test http::tests::owner_passes_ownership_gate_without_role_check ... ok
test http::tests::viewer_is_rejected_from_widget_execution_gate ... ok
test http::tests::ws_admin_and_root_pass_ownership_gate ... ok
test import::tests::coerce_scalar_infers_types_from_csv_strings ... ok
test import::tests::coerce_scalar_passes_typed_values_through_untouched ... ok
test import::tests::delimited_rows_with_wrong_arity_are_rejected ... ok
test import::tests::empty_input_is_an_error ... ok
test import::tests::ident_backslash_handling_diverges_between_backtick_flavors ... ok
test import::tests::insert_builder_batches_and_quotes_identifiers ... ok
test import::tests::insert_builder_double_quotes_identifiers_for_postgres ... ok
test import::tests::insert_builder_empty_rows_is_no_statements ... ok
test import::tests::literals_escape_backslashes_per_flavor ... ok
test import::tests::literals_escape_quotes_and_render_scalars ... ok
test import::tests::parse_csv_handles_quoted_fields_with_commas ... ok
test import::tests::parse_csv_uses_first_row_as_headers ... ok
test import::tests::parse_json_array_of_objects ... ok
test import::tests::parse_ndjson_keeps_json_types_and_unions_keys ... ok
test multirun::cluster::tests::a_single_real_cluster_is_detected ... ok
test multirun::cluster::tests::alter_drop_truncate_rename ... ok
test multirun::cluster::tests::cluster_literals ... ok
test multirun::cluster::tests::clusters_containing_this_node_are_preferred ... ok
test multirun::cluster::tests::create_variants ... ok
test multirun::cluster::tests::dml_and_reads_are_never_rewritten ... ok
test multirun::cluster::tests::existing_on_cluster_temporary_and_unknown_forms_are_skipped ... ok
test multirun::cluster::tests::keywords_in_strings_and_comments_do_not_confuse_it ... ok
test multirun::cluster::tests::multi_statement_scripts_rewrite_only_ddl_and_keep_the_rest_byte_exact ... ok
test multirun::cluster::tests::replicated_databases_never_get_on_cluster ... ok
test multirun::cluster::tests::stock_single_node_configs_are_not_clusters ... ok
test multirun::cluster::tests::the_cluster_macro_wins_when_listed ... ok
test multirun::params::tests::finds_all_three_forms_in_first_seen_order ... ok
test multirun::params::tests::ignores_casts_keys_strings_and_comments ... ok
test multirun::params::tests::mongo_object_keys_are_not_placeholders ... ok
test multirun::params::tests::mustache_is_one_token ... ok
test multirun::params::tests::names_are_validated ... ok
test multirun::params::tests::numbers_are_validated ... ok
test multirun::params::tests::strings_are_quoted_per_engine ... ok
test multirun::params::tests::substitute_handles_multibyte_text ... ok
test multirun::params::tests::substitute_replaces_right_to_left_and_keeps_unknown ... ok
test multirun::tests::expands_a_cartesian_product_first_param_outermost ... ok
test multirun::tests::job_wire_shapes_are_snake_case ... ok
test multirun::tests::rejects_bad_params ... ok
test native_access::tests::mysql_maps_exact_database_grants_to_separate_data_schema_and_query_rights ... ok
test native_access::tests::mysql_rejects_global_privileges_roles_grant_option_and_wildcards ... ok
test nl::tests::extract_sql_strips_markdown_fences_and_prose ... ok
test nl::tests::gives_up_after_max_attempts_with_last_error ... ok
test nl::tests::rejects_a_write_without_running_it ... ok
test nl::tests::returns_validated_sql_on_first_try ... ok
test nl::tests::self_corrects_after_an_engine_error ... ok
test plan::tests::clickhouse_json_tree_no_full_scan_warning ... ok
test plan::tests::clickhouse_text_fallback_is_one_node_per_line ... ok
test plan::tests::mongo7_query_plan_nesting_is_unwrapped ... ok
test plan::tests::mongo_collscan_flagged ... ok
test plan::tests::mongo_ixscan_walks_input_stage_no_warning ... ok
test plan::tests::mysql_full_scan_and_filesort_flagged ... ok
test plan::tests::mysql_indexed_ref_has_no_full_scan_warning ... ok
test plan::tests::mysql_new_9x_format_table_scan_flagged ... ok
test plan::tests::postgres_index_scan_not_flagged ... ok
test plan::tests::postgres_seq_scan_flagged_and_children_walked ... ok
test resource_cache::tests::resource_cache_abort_initializer_allows_retry ... ok
test resource_cache::tests::resource_cache_dead_resource_replaced_and_retired_lease_survives ... ok
test resource_cache::tests::resource_cache_failed_keys_are_not_retained ... ok
test resource_cache::tests::resource_cache_lifecycle_blocks_stale_acquisition_without_initializing ... ok
test resource_cache::tests::resource_cache_ready_cleanup_does_not_initialize_and_predicate_close_is_scoped ... ok
test resource_cache::tests::resource_cache_retirement_stops_late_publication ... ok
test resource_cache::tests::resource_cache_same_key_single_flight ... ok
test resource_cache::tests::resource_cache_warm_key_is_independent_of_blocked_initialization ... ok
test resource_cache::tests::take_idle_detaches_only_ready_slots_unused_for_the_window ... ok
test http::tests::global_connection_is_gated_on_the_database_grant ... ok
test service::lifecycle_tests::completion_reuses_a_recent_secret_read_and_fresh_reads_refresh_it ... ok
test service::lifecycle_tests::cancel_without_native_handle_aborts_the_task_and_reports_it ... ok
test service::lifecycle_tests::forget_secret_evicts_completions_cached_copy ... ok
test service::lifecycle_tests::completion_work_survives_the_request_being_dropped ... ok
test service::lifecycle_tests::lifecycle_cancelled_close_caller_keeps_owned_cleanup_alive ... ok
test service::lifecycle_tests::lifecycle_close_after_resolve_before_acquire_cannot_reopen ... ok
test service::metadata::tests::mongo_metadata_drops_values_and_malformed_schema_entries ... ok
test service::lifecycle_tests::lifecycle_native_cancel_deadline_releases_old_ownership ... ok
test service::multirun::tests::cancel_stops_the_running_run_and_the_pending_ones ... ok
test service::multirun::tests::clickhouse_ddl_gets_on_cluster_and_dml_does_not ... ok
test service::multirun::tests::guarded_writes_are_refused_up_front_without_confirmation ... ok
test service::multirun::tests::invalid_specs_are_refused_before_anything_runs ... ok
test service::multirun::tests::since_returns_only_the_runs_changed_after_that_seq ... ok
test service::multirun::tests::stop_on_error_skips_the_rest_and_continue_runs_everything ... ok
test service::perf_budget_tests::bench_query_result_serialise_100k_x_30 ... ignored
test service::multirun::tests::targets_times_values_each_run_separately_and_land_in_history ... ok
test service::perf_budget_tests::enforced_run_stays_within_state_read_budget ... ok
test service::perf_budget_tests::legacy_run_stays_within_state_read_budget ... ok
test service::perf_budget_tests::object_detail_filters_mixed_fk_scopes_without_changing_order ... ok
test service::perf_budget_tests::query_result_serialise_10k_x_30_within_ceiling ... ok
test service::perf_budget_tests::object_detail_reads_do_not_scale_with_repeated_foreign_key_scopes ... ok
test service::perf_budget_tests::schema_graph_is_single_flight_and_cached ... ok
test service::perf_budget_tests::run_issues_one_driver_execution_and_no_catalog_calls ... ok
test service::person_confirm_tests::an_agent_credential_never_confirms_a_guarded_write ... ok
test service::scoped_metadata_tests::enforced_mongo_completion_contains_nested_fields_only_from_authorized_schema ... ok
test service::scoped_metadata_tests::enforced_mongo_detail_keeps_schema_metadata_but_not_sampled_values ... ok
test service::scoped_metadata_tests::enforced_mongo_fields_rebuild_on_policy_change_and_refresh ... ok
test service::tests::cancel_handle_for_no_captured_handle_is_none ... ok
test service::tests::cancel_handle_for_returns_captured_handle_on_match ... ok
test service::tests::cancel_handle_for_unknown_query_is_none ... ok
test service::tests::cancel_handle_for_wrong_connection_is_none ... ok
test service::tests::ensure_read_only_allows_sql_reads ... ok
test service::tests::ensure_read_only_blocks_sql_writes_and_injection ... ok
test service::tests::ensure_read_only_empty_statement_is_invalid ... ok
test service::tests::ensure_read_only_mongo_reads_vs_writes ... ok
test service::tests::ensure_read_only_redis_reads_vs_writes ... ok
test service::tests::ensure_read_only_refuses_redis_keys_over_mcp ... ok
test service::tests::finished_store_evicts_oldest_beyond_cap ... ok
test service::tests::finished_store_expires_entries_past_ttl ... ok
test service::tests::finished_store_is_bounded_by_bytes_and_prune_frees_them ... ok
test service::tests::finished_store_parks_and_serves_scoped_to_connection ... ok
test service::tests::format_schema_context_empty_and_no_relationships ... ok
test service::tests::format_schema_context_renders_tables_columns_flags_and_fks ... ok
test service::tests::graph_cache_sweep_drops_only_expired_graphs ... ok
test service::tests::in_flight_guard_removes_its_entry_on_drop ... ok
test service::tests::mcp_gate_keeps_its_marker_after_the_refactor ... ok
test service::tests::node_to_schema_handles_tagged_bare_and_none ... ok
test service::tests::read_only_request_allows_reads_and_rejects_empty ... ok
test service::tests::read_only_request_refuses_writes_with_its_own_marker ... ok
test service::tests::running_status_reports_elapsed_time ... ok
test service::tests::widget_request_is_read_only_and_refuses_writes ... ok
test service::tests::widgets_run_read_only_and_refuse_writes_at_save ... ok
test split::tests::backslash_escape_then_real_semicolon_splits ... ok
test split::tests::backslash_escaped_quote_keeps_string_open ... ok
test split::tests::backtick_identifier_with_semicolon_mysql_only ... ok
test split::tests::block_comment_hides_semicolon ... ok
test split::tests::comment_or_blank_only_input_yields_no_spans ... ok
test split::tests::dollar_quoting_postgres_only ... ok
test split::tests::dollar_sign_positional_param_is_not_a_dollar_quote ... ok
test split::tests::doubled_quote_escape_keeps_string_open ... ok
test split::tests::empty_segments_dropped ... ok
test split::tests::hash_comment_mysql_only ... ok
test split::tests::internal_comment_preserved_in_text ... ok
test split::tests::leading_and_trailing_comment_noise_trimmed ... ok
test split::tests::line_comment_dash_hides_semicolon ... ok
test split::tests::multi_statement_happy_path ... ok
test split::tests::multibyte_content_keeps_char_boundaries ... ok
test split::tests::plain_single_statement ... ok
test split::tests::semicolon_inside_double_quote_is_not_a_boundary ... ok
test split::tests::semicolon_inside_single_quote_is_not_a_boundary ... ok
test split::tests::span_offsets_slice_back_to_text ... ok
test split::tests::trailing_semicolon_dropped ... ok
test split::tests::trailing_statement_without_semicolon_kept ... ok
test types::tests::appends_after_order_by ... ok
test types::tests::approx_json_len_tracks_the_serialized_size ... ok
test types::tests::batch_write_gate_catches_a_write_anywhere_in_the_batch ... ok
test types::tests::big_integers_keep_every_digit ... ok
test types::tests::byte_budget_trips_past_its_limit ... ok
test types::tests::cancel_token_carries_a_mongo_comment_tag ... ok
test types::tests::cancel_token_is_shared_across_clones ... ok
test types::tests::cancel_token_last_set_wins ... ok
test types::tests::cancel_token_round_trips_a_handle ... ok
test types::tests::cap_cell_truncates_only_oversized_strings ... ok
test types::tests::column_def_collation_serializes_only_when_known ... ok
test types::tests::compact_count_reads_as_an_estimate ... ok
test types::tests::cursor_deserializes_default_none ... ok
test types::tests::empty_kinds_matches_every_object_kind ... ok
test types::tests::errored_batch_entry_flags_and_carries_the_message ... ok
test types::tests::existing_limit_forms_and_fetch_locking_are_never_rewritten ... ok
test types::tests::fold_batch_results_puts_first_on_top_rest_in_more_results ... ok
test types::tests::format_clause_is_left_untouched ... ok
test types::tests::injected_limit_is_not_swallowed_by_trailing_comment ... ok
test types::tests::injects_after_leading_comment_and_for_cte_and_paren ... ok
test types::tests::injects_limit_on_plain_select ... ok
test types::tests::leaves_existing_limit_untouched ... ok
test types::tests::mongo_classifier_is_per_statement_and_parse_anchored ... ok
test types::tests::mongo_reads_vs_writes ... ok
test types::tests::mongo_sql_selects_are_reads_not_writes ... ok
test types::tests::mongosh_script_detection_is_line_anchored_and_comment_aware ... ok
test types::tests::mongosh_scripts_always_classify_as_writes ... ok
test types::tests::multi_statement_is_left_untouched ... ok
test types::tests::next_cursor_is_omitted_from_json_when_none ... ok
test types::tests::non_select_row_returning_statements_are_left_untouched ... ok
test types::tests::offset_is_appended_after_the_injected_limit ... ok
test types::tests::offset_never_lands_on_a_bailed_statement ... ok
test types::tests::offset_zero_is_elided ... ok
test types::tests::query_id_deserializes_default_none ... ok
test types::tests::query_request_scope_database_ignores_keyspaces ... ok
test types::tests::quoted_or_commented_limit_tokens_do_not_disable_plain_preview ... ok
test types::tests::rate_limit_identifier_is_not_a_limit_clause ... ok
test types::tests::read_looking_writes_are_writes_for_mysql_and_postgres ... ok
test types::tests::redis_reads_vs_writes ... ok
test types::tests::scope_canonical_node_round_trips ... ok
test types::tests::scope_parses_every_node_shape ... ok
test types::tests::search_limit_is_defaulted_and_capped ... ok
test types::tests::search_req_defaults_scope_to_this_schema ... ok
test types::tests::sql_reads_are_not_writes ... ok
test types::tests::sql_writes_and_ddl_are_writes ... ok
test types::tests::statement_preview_collapses_and_clips ... ok
test types::tests::strips_trailing_semicolon_before_appending ... ok
test types::tests::tls_mode_accepts_legacy_aliases ... ok
test types::tests::tls_mode_canonical_spellings_parse ... ok
test types::tests::tls_verify_defaults_true_only_when_absent ... ok
test types::tests::truncated_bounded_read_keeps_its_session ... ok
test types::tests::truncated_reason_is_omitted_unless_set ... ok
test types::tests::unbounded_remainder_or_error_discards_the_session ... ok
test types::tests::union_is_left_untouched ... ok
test types::tests::unsupported_search_result_is_empty_not_an_error ... ok
test types::tests::write_guard_covers_every_engine_split ... ok
test types::tests::write_guard_parity_never_drops_a_write_outside_literals_and_comments ... ok
test service::perf_budget_tests::schema_root_reads_do_not_scale_with_database_count ... ok

test result: ok. 456 passed; 0 failed; 6 ignored; 0 measured; 0 filtered out; finished in 7.70s
