TAP version 13
# Subtest: thread paging retains rows on failure, retries the same offset and deduplicates
not ok 1 - thread paging retains rows on failure, retries the same offset and deduplicates
  ---
  duration_ms: 82.813708
  type: 'test'
  location: '/Users/itziklavon/otto_os/ui/unit/assistantThreadPaging.test.ts:16:1'
  failureType: 'testCodeFailure'
  error: 'store.loadMoreThreads is not a function'
  code: 'ERR_TEST_FAILURE'
  name: 'TypeError'
  stack: |-
    TestContext.<anonymous> (file:///Users/itziklavon/otto_os/ui/unit/assistantThreadPaging.test.ts:24:42)
    async Test.run (node:internal/test_runner/test:1054:7)
    async startSubtestAfterBootstrap (node:internal/test_runner/harness:296:3)
  ...
# Subtest: refresh invalidates an older page and selected older thread survives refresh
not ok 2 - refresh invalidates an older page and selected older thread survives refresh
  ---
  duration_ms: 28.790417
  type: 'test'
  location: '/Users/itziklavon/otto_os/ui/unit/assistantThreadPaging.test.ts:31:1'
  failureType: 'testCodeFailure'
  error: 'store.loadSelectedThread is not a function'
  code: 'ERR_TEST_FAILURE'
  name: 'TypeError'
  stack: |-
    TestContext.<anonymous> (file:///Users/itziklavon/otto_os/ui/unit/assistantThreadPaging.test.ts:35:42)
    async Test.run (node:internal/test_runner/test:1054:7)
    async Test.processPendingSubtests (node:internal/test_runner/test:744:7)
  ...
# Subtest: selected thread late failure cannot replace a newer selection
not ok 3 - selected thread late failure cannot replace a newer selection
  ---
  duration_ms: 28.879583
  type: 'test'
  location: '/Users/itziklavon/otto_os/ui/unit/assistantThreadPaging.test.ts:43:1'
  failureType: 'testCodeFailure'
  error: 'store.loadSelectedThread is not a function'
  code: 'ERR_TEST_FAILURE'
  name: 'TypeError'
  stack: |-
    TestContext.<anonymous> (file:///Users/itziklavon/otto_os/ui/unit/assistantThreadPaging.test.ts:46:25)
    Test.runInAsyncScope (node:async_hooks:214:14)
    Test.run (node:internal/test_runner/test:1047:25)
    Test.processPendingSubtests (node:internal/test_runner/test:744:18)
    Test.postRun (node:internal/test_runner/test:1173:19)
    Test.run (node:internal/test_runner/test:1101:12)
    async Test.processPendingSubtests (node:internal/test_runner/test:744:7)
  ...
1..3
# tests 3
# suites 0
# pass 0
# fail 3
# cancelled 0
# skipped 0
# todo 0
# duration_ms 394.994125
