TAP version 13
# Subtest: failed schedule refresh preserves known cadence and exposes a recoverable error
ok 1 - failed schedule refresh preserves known cadence and exposes a recoverable error
  ---
  duration_ms: 369.203917
  type: 'test'
  ...
# Subtest: stale schedule failure cannot finish or replace the newer loading state
ok 2 - stale schedule failure cannot finish or replace the newer loading state
  ---
  duration_ms: 97.99875
  type: 'test'
  ...
# Subtest: agent list detail fanout is bounded and obsolete queued work is skipped
not ok 3 - agent list detail fanout is bounded and obsolete queued work is skipped
  ---
  duration_ms: 171.515833
  type: 'test'
  location: '/Users/itziklavon/otto_os/ui/unit/personalScheduleRecovery.test.ts:38:1'
  failureType: 'testCodeFailure'
  error: 'expected at most two schedule requests, got 1000'
  code: 'ERR_ASSERTION'
  name: 'AssertionError'
  expected: true
  actual: false
  operator: '=='
  stack: |-
    TestContext.<anonymous> (file:///Users/itziklavon/otto_os/ui/unit/personalScheduleRecovery.test.ts:52:10)
    async Test.run (node:internal/test_runner/test:1054:7)
    async Test.processPendingSubtests (node:internal/test_runner/test:744:7)
  ...
1..3
# tests 3
# suites 0
# pass 2
# fail 1
# cancelled 0
# skipped 0
# todo 0
# duration_ms 2610.213666
