✖ quality: report opening owns focus while its HTML is still loading (2707.691833ms)
ℹ tests 1
ℹ suites 0
ℹ pass 0
ℹ fail 1
ℹ cancelled 0
ℹ skipped 0
ℹ todo 0
ℹ duration_ms 2910.795041

✖ failing tests:

test at test/browser.e2e.test.js:713:1
✖ quality: report opening owns focus while its HTML is still loading (2707.691833ms)
  AssertionError [ERR_ASSERTION]: opening dialog must own focus before async content loads: {"owned":false,"id":"","tag":"BUTTON"}

  false !== true

      at TestContext.<anonymous> (/Users/itziklavon/claude_ade-quality-20261007/examples/plugins/team-performance/test/browser.e2e.test.js:736:12)
      at runNextTicks (node:internal/process/task_queues:65:5)
      at process.processImmediate (node:internal/timers:541:9)
      at async Test.run (node:internal/test_runner/test:1409:7)
      at async startSubtestAfterBootstrap (node:internal/test_runner/harness:387:3) {
    generatedMessage: false,
    code: 'ERR_ASSERTION',
    actual: false,
    expected: true,
    operator: 'strictEqual',
    diff: 'simple'
  }
