[e2e] launching test daemon: /Users/itziklavon/claude_ade-quality-20261007/target/debug/ottod
[e2e]   OTTO_DATA_DIR=/var/folders/6p/t4qb4qmd2jj3gvd85w0shhmc0000gn/T/otto-e2e-iZukAq OTTO_PORT=7821
2026-10-07T10:57:52.588780Z  WARN otto_keychain: secret store: PLAINTEXT file (/var/folders/6p/t4qb4qmd2jj3gvd85w0shhmc0000gn/T/otto-e2e-iZukAq/secrets.json) — use Settings ▸ Security ▸ Secure secrets… to encrypt it
[e2e] test daemon ready (pid 35619); root onboarded.
node:internal/errors:999
  const err = new Error(message);
              ^

Error: Command failed: /Users/itziklavon/claude_ade-quality-20261007/apps/desktop/src-tauri/target/debug/examples/pane_spa_probe

thread '<unnamed>' (55293911) panicked at examples/pane_spa_probe.rs:146:5:
assertion `left == right` failed: native zoom preserves production field focus: {"activeDialog":"Add Workspace","activeId":"nw-name","activeLabel":null,"activeTag":"INPUT","activeText":"","documentFocused":false,"draft":"Unsubmitted native zoom draft","fieldConnected":true,"fieldVisible":true,"focusCalls":[],"focusEvents":[{"documentFocused":false,"id":"nw-name","tag":"INPUT","type":"blur","width":789}],"focused":false,"height":434,"overflow":0,"sheetVisible":true,"width":750}
  left: Bool(false)
 right: true
note: run with `RUST_BACKTRACE=1` environment variable to display a backtrace

    at genericNodeError (node:internal/errors:999:15)
    at wrappedFn (node:internal/errors:544:14)
    at ChildProcess.exithandler (node:child_process:417:12)
    at ChildProcess.emit (node:events:514:20)
    at maybeClose (node:internal/child_process:1156:16)
    at ChildProcess._handle.onexit (node:internal/child_process:334:5) {
  code: 1,
  killed: false,
  signal: null,
  cmd: '/Users/itziklavon/claude_ade-quality-20261007/apps/desktop/src-tauri/target/debug/examples/pane_spa_probe',
  stdout: 'NATIVE_ZOOM_DIAGNOSTIC host_window_focused=true child={"activeId":"","activeTag":"BUTTON","documentFocused":true} host={"activeDialog":"Add Workspace","activeId":"nw-name","activeLabel":null,"activeTag":"INPUT","activeText":"","documentFocused":true,"draft":"Unsubmitted native zoom draft","fieldConnected":true,"fieldVisible":true,"focusCalls":[],"focusEvents":[],"focused":true,"height":868,"overflow":0,"sheetVisible":true,"width":1500}\n' +
    'NATIVE_ZOOM_STATE {"activeDialog":"Add Workspace","activeId":"nw-name","activeLabel":null,"activeTag":"INPUT","activeText":"","documentFocused":true,"draft":"Unsubmitted native zoom draft","fieldConnected":true,"fieldVisible":true,"focusCalls":[],"focusEvents":[],"focused":true,"height":868,"overflow":0,"sheetVisible":true,"width":1500}\n' +
    'NATIVE_ZOOM_SETTLING {"activeDialog":"Add Workspace","activeId":"nw-name","activeLabel":null,"activeTag":"INPUT","activeText":"","documentFocused":false,"draft":"Unsubmitted native zoom draft","fieldConnected":true,"fieldVisible":true,"focusCalls":[],"focusEvents":[{"documentFocused":false,"id":"nw-name","tag":"INPUT","type":"blur","width":789}],"focused":false,"height":434,"overflow":0,"sheetVisible":true,"width":750}\n' +
    'NATIVE_ZOOM_SETTLING {"activeDialog":"Add Workspace","activeId":"nw-name","activeLabel":null,"activeTag":"INPUT","activeText":"","documentFocused":false,"draft":"Unsubmitted native zoom draft","fieldConnected":true,"fieldVisible":true,"focusCalls":[],"focusEvents":[{"documentFocused":false,"id":"nw-name","tag":"INPUT","type":"blur","width":789}],"focused":false,"height":434,"overflow":0,"sheetVisible":true,"width":750}\n' +
    'NATIVE_ZOOM_SETTLING {"activeDialog":"Add Workspace","activeId":"nw-name","activeLabel":null,"activeTag":"INPUT","activeText":"","documentFocused":false,"draft":"Unsubmitted native zoom draft","fieldConnected":true,"fieldVisible":true,"focusCalls":[],"focusEvents":[{"documentFocused":false,"id":"nw-name","tag":"INPUT","type":"blur","width":789}],"focused":false,"height":434,"overflow":0,"sheetVisible":true,"width":750}\n' +
    'NATIVE_ZOOM_SETTLING {"activeDialog":"Add Workspace","activeId":"nw-name","activeLabel":null,"activeTag":"INPUT","activeText":"","documentFocused":false,"draft":"Unsubmitted native zoom draft","fieldConnected":true,"fieldVisible":true,"focusCalls":[],"focusEvents":[{"documentFocused":false,"id":"nw-name","tag":"INPUT","type":"blur","width":789}],"focused":false,"height":434,"overflow":0,"sheetVisible":true,"width":750}\n' +
    'NATIVE_ZOOM_SETTLING {"activeDialog":"Add Workspace","activeId":"nw-name","activeLabel":null,"activeTag":"INPUT","activeText":"","documentFocused":false,"draft":"Unsubmitted native zoom draft","fieldConnected":true,"fieldVisible":true,"focusCalls":[],"focusEvents":[{"documentFocused":false,"id":"nw-name","tag":"INPUT","type":"blur","width":789}],"focused":false,"height":434,"overflow":0,"sheetVisible":true,"width":750}\n' +
    'NATIVE_ZOOM_SETTLING {"activeDialog":"Add Workspace","activeId":"nw-name","activeLabel":null,"activeTag":"INPUT","activeText":"","documentFocused":false,"draft":"Unsubmitted native zoom draft","fieldConnected":true,"fieldVisible":true,"focusCalls":[],"focusEvents":[{"documentFocused":false,"id":"nw-name","tag":"INPUT","type":"blur","width":789}],"focused":false,"height":434,"overflow":0,"sheetVisible":true,"width":750}\n' +
    'NATIVE_ZOOM_SETTLING {"activeDialog":"Add Workspace","activeId":"nw-name","activeLabel":null,"activeTag":"INPUT","activeText":"","documentFocused":false,"draft":"Unsubmitted native zoom draft","fieldConnected":true,"fieldVisible":true,"focusCalls":[],"focusEvents":[{"documentFocused":false,"id":"nw-name","tag":"INPUT","type":"blur","width":789}],"focused":false,"height":434,"overflow":0,"sheetVisible":true,"width":750}\n' +
    'NATIVE_ZOOM_SETTLING {"activeDialog":"Add Workspace","activeId":"nw-name","activeLabel":null,"activeTag":"INPUT","activeText":"","documentFocused":false,"draft":"Unsubmitted native zoom draft","fieldConnected":true,"fieldVisible":true,"focusCalls":[],"focusEvents":[{"documentFocused":false,"id":"nw-name","tag":"INPUT","type":"blur","width":789}],"focused":false,"height":434,"overflow":0,"sheetVisible":true,"width":750}\n' +
    'NATIVE_ZOOM_SETTLING {"activeDialog":"Add Workspace","activeId":"nw-name","activeLabel":null,"activeTag":"INPUT","activeText":"","documentFocused":false,"draft":"Unsubmitted native zoom draft","fieldConnected":true,"fieldVisible":true,"focusCalls":[],"focusEvents":[{"documentFocused":false,"id":"nw-name","tag":"INPUT","type":"blur","width":789}],"focused":false,"height":434,"overflow":0,"sheetVisible":true,"width":750}\n' +
    'NATIVE_ZOOM_SETTLING {"activeDialog":"Add Workspace","activeId":"nw-name","activeLabel":null,"activeTag":"INPUT","activeText":"","documentFocused":false,"draft":"Unsubmitted native zoom draft","fieldConnected":true,"fieldVisible":true,"focusCalls":[],"focusEvents":[{"documentFocused":false,"id":"nw-name","tag":"INPUT","type":"blur","width":789}],"focused":false,"height":434,"overflow":0,"sheetVisible":true,"width":750}\n' +
    'NATIVE_ZOOM_SETTLING {"activeDialog":"Add Workspace","activeId":"nw-name","activeLabel":null,"activeTag":"INPUT","activeText":"","documentFocused":false,"draft":"Unsubmitted native zoom draft","fieldConnected":true,"fieldVisible":true,"focusCalls":[],"focusEvents":[{"documentFocused":false,"id":"nw-name","tag":"INPUT","type":"blur","width":789}],"focused":false,"height":434,"overflow":0,"sheetVisible":true,"width":750}\n' +
    'NATIVE_ZOOM_SETTLING {"activeDialog":"Add Workspace","activeId":"nw-name","activeLabel":null,"activeTag":"INPUT","activeText":"","documentFocused":false,"draft":"Unsubmitted native zoom draft","fieldConnected":true,"fieldVisible":true,"focusCalls":[],"focusEvents":[{"documentFocused":false,"id":"nw-name","tag":"INPUT","type":"blur","width":789}],"focused":false,"height":434,"overflow":0,"sheetVisible":true,"width":750}\n' +
    'NATIVE_ZOOM_SETTLING {"activeDialog":"Add Workspace","activeId":"nw-name","activeLabel":null,"activeTag":"INPUT","activeText":"","documentFocused":false,"draft":"Unsubmitted native zoom draft","fieldConnected":true,"fieldVisible":true,"focusCalls":[],"focusEvents":[{"documentFocused":false,"id":"nw-name","tag":"INPUT","type":"blur","width":789}],"focused":false,"height":434,"overflow":0,"sheetVisible":true,"width":750}\n' +
    'NATIVE_ZOOM_SETTLING {"activeDialog":"Add Workspace","activeId":"nw-name","activeLabel":null,"activeTag":"INPUT","activeText":"","documentFocused":false,"draft":"Unsubmitted native zoom draft","fieldConnected":true,"fieldVisible":true,"focusCalls":[],"focusEvents":[{"documentFocused":false,"id":"nw-name","tag":"INPUT","type":"blur","width":789}],"focused":false,"height":434,"overflow":0,"sheetVisible":true,"width":750}\n' +
    'NATIVE_ZOOM_SETTLING {"activeDialog":"Add Workspace","activeId":"nw-name","activeLabel":null,"activeTag":"INPUT","activeText":"","documentFocused":false,"draft":"Unsubmitted native zoom draft","fieldConnected":true,"fieldVisible":true,"focusCalls":[],"focusEvents":[{"documentFocused":false,"id":"nw-name","tag":"INPUT","type":"blur","width":789}],"focused":false,"height":434,"overflow":0,"sheetVisible":true,"width":750}\n' +
    'NATIVE_ZOOM_SETTLING {"activeDialog":"Add Workspace","activeId":"nw-name","activeLabel":null,"activeTag":"INPUT","activeText":"","documentFocused":false,"draft":"Unsubmitted native zoom draft","fieldConnected":true,"fieldVisible":true,"focusCalls":[],"focusEvents":[{"documentFocused":false,"id":"nw-name","tag":"INPUT","type":"blur","width":789}],"focused":false,"height":434,"overflow":0,"sheetVisible":true,"width":750}\n' +
    'NATIVE_ZOOM_SETTLING {"activeDialog":"Add Workspace","activeId":"nw-name","activeLabel":null,"activeTag":"INPUT","activeText":"","documentFocused":false,"draft":"Unsubmitted native zoom draft","fieldConnected":true,"fieldVisible":true,"focusCalls":[],"focusEvents":[{"documentFocused":false,"id":"nw-name","tag":"INPUT","type":"blur","width":789}],"focused":false,"height":434,"overflow":0,"sheetVisible":true,"width":750}\n' +
    'NATIVE_ZOOM_SETTLING {"activeDialog":"Add Workspace","activeId":"nw-name","activeLabel":null,"activeTag":"INPUT","activeText":"","documentFocused":false,"draft":"Unsubmitted native zoom draft","fieldConnected":true,"fieldVisible":true,"focusCalls":[],"focusEvents":[{"documentFocused":false,"id":"nw-name","tag":"INPUT","type":"blur","width":789}],"focused":false,"height":434,"overflow":0,"sheetVisible":true,"width":750}\n' +
    'NATIVE_ZOOM_SETTLING {"activeDialog":"Add Workspace","activeId":"nw-name","activeLabel":null,"activeTag":"INPUT","activeText":"","documentFocused":false,"draft":"Unsubmitted native zoom draft","fieldConnected":true,"fieldVisible":true,"focusCalls":[],"focusEvents":[{"documentFocused":false,"id":"nw-name","tag":"INPUT","type":"blur","width":789}],"focused":false,"height":434,"overflow":0,"sheetVisible":true,"width":750}\n' +
    'NATIVE_ZOOM_SETTLING {"activeDialog":"Add Workspace","activeId":"nw-name","activeLabel":null,"activeTag":"INPUT","activeText":"","documentFocused":false,"draft":"Unsubmitted native zoom draft","fieldConnected":true,"fieldVisible":true,"focusCalls":[],"focusEvents":[{"documentFocused":false,"id":"nw-name","tag":"INPUT","type":"blur","width":789}],"focused":false,"height":434,"overflow":0,"sheetVisible":true,"width":750}\n' +
    'NATIVE_ZOOM_DIAGNOSTIC host_window_focused=false child={"activeId":"","activeTag":"BUTTON","documentFocused":false} host={"activeDialog":"Add Workspace","activeId":"nw-name","activeLabel":null,"activeTag":"INPUT","activeText":"","documentFocused":false,"draft":"Unsubmitted native zoom draft","fieldConnected":true,"fieldVisible":true,"focusCalls":[],"focusEvents":[{"documentFocused":false,"id":"nw-name","tag":"INPUT","type":"blur","width":789}],"focused":false,"height":434,"overflow":0,"sheetVisible":true,"width":750}\n',
  stderr: '\n' +
    "thread '<unnamed>' (55293911) panicked at examples/pane_spa_probe.rs:146:5:\n" +
    'assertion `left == right` failed: native zoom preserves production field focus: {"activeDialog":"Add Workspace","activeId":"nw-name","activeLabel":null,"activeTag":"INPUT","activeText":"","documentFocused":false,"draft":"Unsubmitted native zoom draft","fieldConnected":true,"fieldVisible":true,"focusCalls":[],"focusEvents":[{"documentFocused":false,"id":"nw-name","tag":"INPUT","type":"blur","width":789}],"focused":false,"height":434,"overflow":0,"sheetVisible":true,"width":750}\n' +
    '  left: Bool(false)\n' +
    ' right: true\n' +
    'note: run with `RUST_BACKTRACE=1` environment variable to display a backtrace\n'
}

Node.js v26.10.0
